[0.007s] Invoking command in '/home/sedrica/Desktop/avi/stm_arm/build/final_arm_urdf': CMAKE_PREFIX_PATH=${CMAKE_PREFIX_PATH}:/home/sedrica/Desktop/avi/stm_arm/install/starm:/opt/ros/humble /home/sedrica/cmake/bin/cmake --build /home/sedrica/Desktop/avi/stm_arm/build/final_arm_urdf -- -j32 -l32
[0.188s] Invoked command in '/home/sedrica/Desktop/avi/stm_arm/build/final_arm_urdf' returned '0': CMAKE_PREFIX_PATH=${CMAKE_PREFIX_PATH}:/home/sedrica/Desktop/avi/stm_arm/install/starm:/opt/ros/humble /home/sedrica/cmake/bin/cmake --build /home/sedrica/Desktop/avi/stm_arm/build/final_arm_urdf -- -j32 -l32
[0.190s] Invoking command in '/home/sedrica/Desktop/avi/stm_arm/build/final_arm_urdf': CMAKE_PREFIX_PATH=${CMAKE_PREFIX_PATH}:/home/sedrica/Desktop/avi/stm_arm/install/starm:/opt/ros/humble /home/sedrica/cmake/bin/cmake --install /home/sedrica/Desktop/avi/stm_arm/build/final_arm_urdf
[0.192s] -- Install configuration: ""
[0.192s] -- Up-to-date: /home/sedrica/Desktop/avi/stm_arm/install/final_arm_urdf/share/final_arm_urdf/urdf
[0.192s] -- Up-to-date: /home/sedrica/Desktop/avi/stm_arm/install/final_arm_urdf/share/final_arm_urdf/urdf/final_arm_urdf.xacro
[0.192s] -- Up-to-date: /home/sedrica/Desktop/avi/stm_arm/install/final_arm_urdf/share/final_arm_urdf/meshes
[0.192s] -- Up-to-date: /home/sedrica/Desktop/avi/stm_arm/install/final_arm_urdf/share/final_arm_urdf/meshes/collision
[0.192s] -- Up-to-date: /home/sedrica/Desktop/avi/stm_arm/install/final_arm_urdf/share/final_arm_urdf/meshes/collision/link3.STL
[0.192s] -- Up-to-date: /home/sedrica/Desktop/avi/stm_arm/install/final_arm_urdf/share/final_arm_urdf/meshes/collision/link4.STL
[0.192s] -- Up-to-date: /home/sedrica/Desktop/avi/stm_arm/install/final_arm_urdf/share/final_arm_urdf/meshes/collision/link2.STL
[0.192s] -- Up-to-date: /home/sedrica/Desktop/avi/stm_arm/install/final_arm_urdf/share/final_arm_urdf/meshes/collision/link1.STL
[0.192s] -- Up-to-date: /home/sedrica/Desktop/avi/stm_arm/install/final_arm_urdf/share/final_arm_urdf/meshes/collision/link5.STL
[0.192s] -- Up-to-date: /home/sedrica/Desktop/avi/stm_arm/install/final_arm_urdf/share/final_arm_urdf/meshes/collision/base_link.STL
[0.192s] -- Up-to-date: /home/sedrica/Desktop/avi/stm_arm/install/final_arm_urdf/share/final_arm_urdf/meshes/visual
[0.192s] -- Up-to-date: /home/sedrica/Desktop/avi/stm_arm/install/final_arm_urdf/share/final_arm_urdf/meshes/visual/link3.STL
[0.192s] -- Up-to-date: /home/sedrica/Desktop/avi/stm_arm/install/final_arm_urdf/share/final_arm_urdf/meshes/visual/link4.STL
[0.192s] -- Up-to-date: /home/sedrica/Desktop/avi/stm_arm/install/final_arm_urdf/share/final_arm_urdf/meshes/visual/link2.STL
[0.192s] -- Up-to-date: /home/sedrica/Desktop/avi/stm_arm/install/final_arm_urdf/share/final_arm_urdf/meshes/visual/link1.STL
[0.192s] -- Up-to-date: /home/sedrica/Desktop/avi/stm_arm/install/final_arm_urdf/share/final_arm_urdf/meshes/visual/link5.STL
[0.192s] -- Up-to-date: /home/sedrica/Desktop/avi/stm_arm/install/final_arm_urdf/share/final_arm_urdf/meshes/visual/base_link.STL
[0.193s] -- Up-to-date: /home/sedrica/Desktop/avi/stm_arm/install/final_arm_urdf/share/final_arm_urdf/launch
[0.193s] -- Up-to-date: /home/sedrica/Desktop/avi/stm_arm/install/final_arm_urdf/share/final_arm_urdf/rviz
[0.193s] -- Up-to-date: /home/sedrica/Desktop/avi/stm_arm/install/final_arm_urdf/share/ament_index/resource_index/package_run_dependencies/final_arm_urdf
[0.193s] -- Up-to-date: /home/sedrica/Desktop/avi/stm_arm/install/final_arm_urdf/share/ament_index/resource_index/parent_prefix_path/final_arm_urdf
[0.193s] -- Up-to-date: /home/sedrica/Desktop/avi/stm_arm/install/final_arm_urdf/share/final_arm_urdf/environment/ament_prefix_path.sh
[0.193s] -- Up-to-date: /home/sedrica/Desktop/avi/stm_arm/install/final_arm_urdf/share/final_arm_urdf/environment/ament_prefix_path.dsv
[0.193s] -- Up-to-date: /home/sedrica/Desktop/avi/stm_arm/install/final_arm_urdf/share/final_arm_urdf/environment/path.sh
[0.193s] -- Up-to-date: /home/sedrica/Desktop/avi/stm_arm/install/final_arm_urdf/share/final_arm_urdf/environment/path.dsv
[0.193s] -- Up-to-date: /home/sedrica/Desktop/avi/stm_arm/install/final_arm_urdf/share/final_arm_urdf/local_setup.bash
[0.193s] -- Up-to-date: /home/sedrica/Desktop/avi/stm_arm/install/final_arm_urdf/share/final_arm_urdf/local_setup.sh
[0.193s] -- Up-to-date: /home/sedrica/Desktop/avi/stm_arm/install/final_arm_urdf/share/final_arm_urdf/local_setup.zsh
[0.193s] -- Up-to-date: /home/sedrica/Desktop/avi/stm_arm/install/final_arm_urdf/share/final_arm_urdf/local_setup.dsv
[0.193s] -- Installing: /home/sedrica/Desktop/avi/stm_arm/install/final_arm_urdf/share/final_arm_urdf/package.dsv
[0.193s] -- Up-to-date: /home/sedrica/Desktop/avi/stm_arm/install/final_arm_urdf/share/ament_index/resource_index/packages/final_arm_urdf
[0.193s] -- Up-to-date: /home/sedrica/Desktop/avi/stm_arm/install/final_arm_urdf/share/final_arm_urdf/cmake/final_arm_urdfConfig.cmake
[0.193s] -- Up-to-date: /home/sedrica/Desktop/avi/stm_arm/install/final_arm_urdf/share/final_arm_urdf/cmake/final_arm_urdfConfig-version.cmake
[0.193s] -- Up-to-date: /home/sedrica/Desktop/avi/stm_arm/install/final_arm_urdf/share/final_arm_urdf/package.xml
[0.194s] Invoked command in '/home/sedrica/Desktop/avi/stm_arm/build/final_arm_urdf' returned '0': CMAKE_PREFIX_PATH=${CMAKE_PREFIX_PATH}:/home/sedrica/Desktop/avi/stm_arm/install/starm:/opt/ros/humble /home/sedrica/cmake/bin/cmake --install /home/sedrica/Desktop/avi/stm_arm/build/final_arm_urdf
