-- The C compiler identification is GNU 11.4.0
-- The CXX compiler identification is GNU 11.4.0
-- Detecting C compiler ABI info
-- Detecting C compiler ABI info - done
-- Check for working C compiler: /usr/bin/cc - skipped
-- Detecting C compile features
-- Detecting C compile features - done
-- Detecting CXX compiler ABI info
-- Detecting CXX compiler ABI info - done
-- Check for working CXX compiler: /usr/bin/c++ - skipped
-- Detecting CXX compile features
-- Detecting CXX compile features - done
-- Found ament_cmake: 1.3.12 (/opt/ros/humble/share/ament_cmake/cmake)
-- Found Python3: /usr/bin/python3 (found version "3.10.12") found components: Interpreter
-- Configuring done (0.3s)
-- Generating done (0.0s)
-- Build files have been written to: /home/sedrica/Desktop/avi/stm_arm/build/stm
-- Install configuration: ""
-- Installing: /home/sedrica/Desktop/avi/stm_arm/install/stm/share/ament_index/resource_index/package_run_dependencies/stm
-- Installing: /home/sedrica/Desktop/avi/stm_arm/install/stm/share/ament_index/resource_index/parent_prefix_path/stm
-- Installing: /home/sedrica/Desktop/avi/stm_arm/install/stm/share/stm/environment/ament_prefix_path.sh
-- Installing: /home/sedrica/Desktop/avi/stm_arm/install/stm/share/stm/environment/ament_prefix_path.dsv
-- Installing: /home/sedrica/Desktop/avi/stm_arm/install/stm/share/stm/environment/path.sh
-- Installing: /home/sedrica/Desktop/avi/stm_arm/install/stm/share/stm/environment/path.dsv
-- Installing: /home/sedrica/Desktop/avi/stm_arm/install/stm/share/stm/local_setup.bash
-- Installing: /home/sedrica/Desktop/avi/stm_arm/install/stm/share/stm/local_setup.sh
-- Installing: /home/sedrica/Desktop/avi/stm_arm/install/stm/share/stm/local_setup.zsh
-- Installing: /home/sedrica/Desktop/avi/stm_arm/install/stm/share/stm/local_setup.dsv
-- Installing: /home/sedrica/Desktop/avi/stm_arm/install/stm/share/stm/package.dsv
-- Installing: /home/sedrica/Desktop/avi/stm_arm/install/stm/share/ament_index/resource_index/packages/stm
-- Installing: /home/sedrica/Desktop/avi/stm_arm/install/stm/share/stm/cmake/stmConfig.cmake
-- Installing: /home/sedrica/Desktop/avi/stm_arm/install/stm/share/stm/cmake/stmConfig-version.cmake
-- Installing: /home/sedrica/Desktop/avi/stm_arm/install/stm/share/stm/package.xml
-- Installing: /home/sedrica/Desktop/avi/stm_arm/install/stm/share/stm/launch
-- Installing: /home/sedrica/Desktop/avi/stm_arm/install/stm/share/stm/launch/spawn_controllers.launch.py
-- Installing: /home/sedrica/Desktop/avi/stm_arm/install/stm/share/stm/launch/warehouse_db.launch.py
-- Installing: /home/sedrica/Desktop/avi/stm_arm/install/stm/share/stm/launch/moveit_rviz.launch.py
-- Installing: /home/sedrica/Desktop/avi/stm_arm/install/stm/share/stm/launch/rsp.launch.py
-- Installing: /home/sedrica/Desktop/avi/stm_arm/install/stm/share/stm/launch/setup_assistant.launch.py
-- Installing: /home/sedrica/Desktop/avi/stm_arm/install/stm/share/stm/launch/demo.launch.py
-- Installing: /home/sedrica/Desktop/avi/stm_arm/install/stm/share/stm/launch/static_virtual_joint_tfs.launch.py
-- Installing: /home/sedrica/Desktop/avi/stm_arm/install/stm/share/stm/launch/move_group.launch.py
-- Installing: /home/sedrica/Desktop/avi/stm_arm/install/stm/share/stm/config
-- Installing: /home/sedrica/Desktop/avi/stm_arm/install/stm/share/stm/config/kinematics.yaml
-- Installing: /home/sedrica/Desktop/avi/stm_arm/install/stm/share/stm/config/final_arm_urdf.urdf.xacro
-- Installing: /home/sedrica/Desktop/avi/stm_arm/install/stm/share/stm/config/moveit.rviz
-- Installing: /home/sedrica/Desktop/avi/stm_arm/install/stm/share/stm/config/initial_positions.yaml
-- Installing: /home/sedrica/Desktop/avi/stm_arm/install/stm/share/stm/config/final_arm_urdf.ros2_control.xacro
-- Installing: /home/sedrica/Desktop/avi/stm_arm/install/stm/share/stm/config/ros2_controllers.yaml
-- Installing: /home/sedrica/Desktop/avi/stm_arm/install/stm/share/stm/config/joint_limits.yaml
-- Installing: /home/sedrica/Desktop/avi/stm_arm/install/stm/share/stm/config/pilz_cartesian_limits.yaml
-- Installing: /home/sedrica/Desktop/avi/stm_arm/install/stm/share/stm/config/moveit_controllers.yaml
-- Installing: /home/sedrica/Desktop/avi/stm_arm/install/stm/share/stm/config/final_arm_urdf.srdf
-- Installing: /home/sedrica/Desktop/avi/stm_arm/install/stm/share/stm/.setup_assistant
