[0.004s] Invoking command in '/home/sedrica/Desktop/avi/stm_arm/build/stm': CMAKE_PREFIX_PATH=/home/sedrica/Desktop/avi/stm_arm/install/final_arm_urdf:/home/sedrica/Desktop/avi/stm_arm/install/stm:/home/sedrica/Desktop/avi/stm_arm/install/starm:/opt/ros/humble /home/sedrica/cmake/bin/cmake /home/sedrica/Desktop/avi/stm_arm/src/stm -DCMAKE_INSTALL_PREFIX=/home/sedrica/Desktop/avi/stm_arm/install/stm
[0.034s] -- The C compiler identification is GNU 11.4.0
[0.067s] -- The CXX compiler identification is GNU 11.4.0
[0.073s] -- Detecting C compiler ABI info
[0.106s] -- Detecting C compiler ABI info - done
[0.117s] -- Check for working C compiler: /usr/bin/cc - skipped
[0.117s] -- Detecting C compile features
[0.117s] -- Detecting C compile features - done
[0.124s] -- Detecting CXX compiler ABI info
[0.157s] -- Detecting CXX compiler ABI info - done
[0.167s] -- Check for working CXX compiler: /usr/bin/c++ - skipped
[0.167s] -- Detecting CXX compile features
[0.167s] -- Detecting CXX compile features - done
[0.173s] -- Found ament_cmake: 1.3.12 (/opt/ros/humble/share/ament_cmake/cmake)
[0.245s] -- Found Python3: /usr/bin/python3 (found version "3.10.12") found components: Interpreter
[0.338s] -- Configuring done (0.3s)
[0.339s] -- Generating done (0.0s)
[0.340s] -- Build files have been written to: /home/sedrica/Desktop/avi/stm_arm/build/stm
[0.342s] Invoked command in '/home/sedrica/Desktop/avi/stm_arm/build/stm' returned '0': CMAKE_PREFIX_PATH=/home/sedrica/Desktop/avi/stm_arm/install/final_arm_urdf:/home/sedrica/Desktop/avi/stm_arm/install/stm:/home/sedrica/Desktop/avi/stm_arm/install/starm:/opt/ros/humble /home/sedrica/cmake/bin/cmake /home/sedrica/Desktop/avi/stm_arm/src/stm -DCMAKE_INSTALL_PREFIX=/home/sedrica/Desktop/avi/stm_arm/install/stm
[0.343s] Invoking command in '/home/sedrica/Desktop/avi/stm_arm/build/stm': CMAKE_PREFIX_PATH=/home/sedrica/Desktop/avi/stm_arm/install/final_arm_urdf:/home/sedrica/Desktop/avi/stm_arm/install/stm:/home/sedrica/Desktop/avi/stm_arm/install/starm:/opt/ros/humble /home/sedrica/cmake/bin/cmake --build /home/sedrica/Desktop/avi/stm_arm/build/stm -- -j32 -l32
[0.351s] Invoked command in '/home/sedrica/Desktop/avi/stm_arm/build/stm' returned '0': CMAKE_PREFIX_PATH=/home/sedrica/Desktop/avi/stm_arm/install/final_arm_urdf:/home/sedrica/Desktop/avi/stm_arm/install/stm:/home/sedrica/Desktop/avi/stm_arm/install/starm:/opt/ros/humble /home/sedrica/cmake/bin/cmake --build /home/sedrica/Desktop/avi/stm_arm/build/stm -- -j32 -l32
[0.352s] Invoking command in '/home/sedrica/Desktop/avi/stm_arm/build/stm': CMAKE_PREFIX_PATH=/home/sedrica/Desktop/avi/stm_arm/install/final_arm_urdf:/home/sedrica/Desktop/avi/stm_arm/install/stm:/home/sedrica/Desktop/avi/stm_arm/install/starm:/opt/ros/humble /home/sedrica/cmake/bin/cmake --install /home/sedrica/Desktop/avi/stm_arm/build/stm
[0.353s] -- Install configuration: ""
[0.354s] -- Installing: /home/sedrica/Desktop/avi/stm_arm/install/stm/share/ament_index/resource_index/package_run_dependencies/stm
[0.354s] -- Installing: /home/sedrica/Desktop/avi/stm_arm/install/stm/share/ament_index/resource_index/parent_prefix_path/stm
[0.354s] -- Installing: /home/sedrica/Desktop/avi/stm_arm/install/stm/share/stm/environment/ament_prefix_path.sh
[0.354s] -- Installing: /home/sedrica/Desktop/avi/stm_arm/install/stm/share/stm/environment/ament_prefix_path.dsv
[0.354s] -- Installing: /home/sedrica/Desktop/avi/stm_arm/install/stm/share/stm/environment/path.sh
[0.354s] -- Installing: /home/sedrica/Desktop/avi/stm_arm/install/stm/share/stm/environment/path.dsv
[0.354s] -- Installing: /home/sedrica/Desktop/avi/stm_arm/install/stm/share/stm/local_setup.bash
[0.354s] -- Installing: /home/sedrica/Desktop/avi/stm_arm/install/stm/share/stm/local_setup.sh
[0.354s] -- Installing: /home/sedrica/Desktop/avi/stm_arm/install/stm/share/stm/local_setup.zsh
[0.354s] -- Installing: /home/sedrica/Desktop/avi/stm_arm/install/stm/share/stm/local_setup.dsv
[0.354s] -- Installing: /home/sedrica/Desktop/avi/stm_arm/install/stm/share/stm/package.dsv
[0.354s] -- Installing: /home/sedrica/Desktop/avi/stm_arm/install/stm/share/ament_index/resource_index/packages/stm
[0.354s] -- Installing: /home/sedrica/Desktop/avi/stm_arm/install/stm/share/stm/cmake/stmConfig.cmake
[0.355s] -- Installing: /home/sedrica/Desktop/avi/stm_arm/install/stm/share/stm/cmake/stmConfig-version.cmake
[0.355s] -- Installing: /home/sedrica/Desktop/avi/stm_arm/install/stm/share/stm/package.xml
[0.355s] -- Installing: /home/sedrica/Desktop/avi/stm_arm/install/stm/share/stm/launch
[0.355s] -- Installing: /home/sedrica/Desktop/avi/stm_arm/install/stm/share/stm/launch/spawn_controllers.launch.py
[0.355s] -- Installing: /home/sedrica/Desktop/avi/stm_arm/install/stm/share/stm/launch/warehouse_db.launch.py
[0.355s] -- Installing: /home/sedrica/Desktop/avi/stm_arm/install/stm/share/stm/launch/moveit_rviz.launch.py
[0.355s] -- Installing: /home/sedrica/Desktop/avi/stm_arm/install/stm/share/stm/launch/rsp.launch.py
[0.355s] -- Installing: /home/sedrica/Desktop/avi/stm_arm/install/stm/share/stm/launch/setup_assistant.launch.py
[0.355s] -- Installing: /home/sedrica/Desktop/avi/stm_arm/install/stm/share/stm/launch/demo.launch.py
[0.355s] -- Installing: /home/sedrica/Desktop/avi/stm_arm/install/stm/share/stm/launch/static_virtual_joint_tfs.launch.py
[0.355s] -- Installing: /home/sedrica/Desktop/avi/stm_arm/install/stm/share/stm/launch/move_group.launch.py
[0.355s] -- Installing: /home/sedrica/Desktop/avi/stm_arm/install/stm/share/stm/config
[0.355s] -- Installing: /home/sedrica/Desktop/avi/stm_arm/install/stm/share/stm/config/kinematics.yaml
[0.356s] -- Installing: /home/sedrica/Desktop/avi/stm_arm/install/stm/share/stm/config/final_arm_urdf.urdf.xacro
[0.356s] -- Installing: /home/sedrica/Desktop/avi/stm_arm/install/stm/share/stm/config/moveit.rviz
[0.356s] -- Installing: /home/sedrica/Desktop/avi/stm_arm/install/stm/share/stm/config/initial_positions.yaml
[0.356s] -- Installing: /home/sedrica/Desktop/avi/stm_arm/install/stm/share/stm/config/final_arm_urdf.ros2_control.xacro
[0.356s] -- Installing: /home/sedrica/Desktop/avi/stm_arm/install/stm/share/stm/config/ros2_controllers.yaml
[0.357s] -- Installing: /home/sedrica/Desktop/avi/stm_arm/install/stm/share/stm/config/joint_limits.yaml
[0.357s] -- Installing: /home/sedrica/Desktop/avi/stm_arm/install/stm/share/stm/config/pilz_cartesian_limits.yaml
[0.357s] -- Installing: /home/sedrica/Desktop/avi/stm_arm/install/stm/share/stm/config/moveit_controllers.yaml
[0.357s] -- Installing: /home/sedrica/Desktop/avi/stm_arm/install/stm/share/stm/config/final_arm_urdf.srdf
[0.357s] -- Installing: /home/sedrica/Desktop/avi/stm_arm/install/stm/share/stm/.setup_assistant
[0.358s] Invoked command in '/home/sedrica/Desktop/avi/stm_arm/build/stm' returned '0': CMAKE_PREFIX_PATH=/home/sedrica/Desktop/avi/stm_arm/install/final_arm_urdf:/home/sedrica/Desktop/avi/stm_arm/install/stm:/home/sedrica/Desktop/avi/stm_arm/install/starm:/opt/ros/humble /home/sedrica/cmake/bin/cmake --install /home/sedrica/Desktop/avi/stm_arm/build/stm
