[0.044s] DEBUG:colcon:Command line arguments: ['/usr/bin/colcon', 'build']
[0.044s] DEBUG:colcon:Parsed command line arguments: Namespace(log_base=None, log_level=None, verb_name='build', build_base='build', install_base='install', merge_install=False, symlink_install=False, test_result_base=None, continue_on_error=False, executor='parallel', parallel_workers=32, event_handlers=None, ignore_user_meta=False, metas=['./colcon.meta'], base_paths=['.'], packages_ignore=None, packages_ignore_regex=None, paths=None, packages_up_to=None, packages_up_to_regex=None, packages_above=None, packages_above_and_dependencies=None, packages_above_depth=None, packages_select_by_dep=None, packages_skip_by_dep=None, packages_skip_up_to=None, packages_select_build_failed=False, packages_skip_build_finished=False, packages_select_test_failures=False, packages_skip_test_passed=False, packages_select=None, packages_skip=None, packages_select_regex=None, packages_skip_regex=None, packages_start=None, packages_end=None, allow_overriding=[], cmake_args=None, cmake_target=None, cmake_target_skip_unavailable=False, cmake_clean_cache=False, cmake_clean_first=False, cmake_force_configure=False, ament_cmake_args=None, catkin_cmake_args=None, catkin_skip_building_tests=False, verb_parser=<colcon_defaults.argument_parser.defaults.DefaultArgumentsDecorator object at 0x76142ecb42e0>, verb_extension=<colcon_core.verb.build.BuildVerb object at 0x76142ec7fbe0>, main=<bound method BuildVerb.main of <colcon_core.verb.build.BuildVerb object at 0x76142ec7fbe0>>)
[0.159s] Level 1:colcon.colcon_core.package_discovery:discover_packages(colcon_meta) check parameters
[0.159s] Level 1:colcon.colcon_core.package_discovery:discover_packages(recursive) check parameters
[0.159s] Level 1:colcon.colcon_core.package_discovery:discover_packages(ignore) check parameters
[0.159s] Level 1:colcon.colcon_core.package_discovery:discover_packages(path) check parameters
[0.159s] Level 1:colcon.colcon_core.package_discovery:discover_packages(colcon_meta) discover
[0.159s] Level 1:colcon.colcon_core.package_discovery:discover_packages(recursive) discover
[0.159s] INFO:colcon.colcon_core.package_discovery:Crawling recursively for packages in '/home/sedrica/Desktop/avi/stm_arm'
[0.159s] Level 1:colcon.colcon_core.package_identification:_identify(.) by extensions ['ignore', 'ignore_ament_install']
[0.159s] Level 1:colcon.colcon_core.package_identification:_identify(.) by extension 'ignore'
[0.159s] Level 1:colcon.colcon_core.package_identification:_identify(.) by extension 'ignore_ament_install'
[0.159s] Level 1:colcon.colcon_core.package_identification:_identify(.) by extensions ['colcon_pkg']
[0.159s] Level 1:colcon.colcon_core.package_identification:_identify(.) by extension 'colcon_pkg'
[0.159s] Level 1:colcon.colcon_core.package_identification:_identify(.) by extensions ['colcon_meta']
[0.159s] Level 1:colcon.colcon_core.package_identification:_identify(.) by extension 'colcon_meta'
[0.159s] Level 1:colcon.colcon_core.package_identification:_identify(.) by extensions ['ros']
[0.159s] Level 1:colcon.colcon_core.package_identification:_identify(.) by extension 'ros'
[0.171s] Level 1:colcon.colcon_core.package_identification:_identify(.) by extensions ['cmake', 'python']
[0.171s] Level 1:colcon.colcon_core.package_identification:_identify(.) by extension 'cmake'
[0.171s] Level 1:colcon.colcon_core.package_identification:_identify(.) by extension 'python'
[0.171s] Level 1:colcon.colcon_core.package_identification:_identify(.) by extensions ['python_setup_py']
[0.171s] Level 1:colcon.colcon_core.package_identification:_identify(.) by extension 'python_setup_py'
[0.171s] Level 1:colcon.colcon_core.package_identification:_identify(build) by extensions ['ignore', 'ignore_ament_install']
[0.171s] Level 1:colcon.colcon_core.package_identification:_identify(build) by extension 'ignore'
[0.172s] Level 1:colcon.colcon_core.package_identification:_identify(build) ignored
[0.172s] Level 1:colcon.colcon_core.package_identification:_identify(install) by extensions ['ignore', 'ignore_ament_install']
[0.172s] Level 1:colcon.colcon_core.package_identification:_identify(install) by extension 'ignore'
[0.172s] Level 1:colcon.colcon_core.package_identification:_identify(install) ignored
[0.172s] Level 1:colcon.colcon_core.package_identification:_identify(log) by extensions ['ignore', 'ignore_ament_install']
[0.172s] Level 1:colcon.colcon_core.package_identification:_identify(log) by extension 'ignore'
[0.172s] Level 1:colcon.colcon_core.package_identification:_identify(log) ignored
[0.172s] Level 1:colcon.colcon_core.package_identification:_identify(src) by extensions ['ignore', 'ignore_ament_install']
[0.172s] Level 1:colcon.colcon_core.package_identification:_identify(src) by extension 'ignore'
[0.172s] Level 1:colcon.colcon_core.package_identification:_identify(src) by extension 'ignore_ament_install'
[0.172s] Level 1:colcon.colcon_core.package_identification:_identify(src) by extensions ['colcon_pkg']
[0.172s] Level 1:colcon.colcon_core.package_identification:_identify(src) by extension 'colcon_pkg'
[0.172s] Level 1:colcon.colcon_core.package_identification:_identify(src) by extensions ['colcon_meta']
[0.172s] Level 1:colcon.colcon_core.package_identification:_identify(src) by extension 'colcon_meta'
[0.172s] Level 1:colcon.colcon_core.package_identification:_identify(src) by extensions ['ros']
[0.172s] Level 1:colcon.colcon_core.package_identification:_identify(src) by extension 'ros'
[0.172s] Level 1:colcon.colcon_core.package_identification:_identify(src) by extensions ['cmake', 'python']
[0.172s] Level 1:colcon.colcon_core.package_identification:_identify(src) by extension 'cmake'
[0.172s] Level 1:colcon.colcon_core.package_identification:_identify(src) by extension 'python'
[0.172s] Level 1:colcon.colcon_core.package_identification:_identify(src) by extensions ['python_setup_py']
[0.172s] Level 1:colcon.colcon_core.package_identification:_identify(src) by extension 'python_setup_py'
[0.172s] Level 1:colcon.colcon_core.package_identification:_identify(src/final_arm_urdf) by extensions ['ignore', 'ignore_ament_install']
[0.172s] Level 1:colcon.colcon_core.package_identification:_identify(src/final_arm_urdf) by extension 'ignore'
[0.172s] Level 1:colcon.colcon_core.package_identification:_identify(src/final_arm_urdf) by extension 'ignore_ament_install'
[0.172s] Level 1:colcon.colcon_core.package_identification:_identify(src/final_arm_urdf) by extensions ['colcon_pkg']
[0.172s] Level 1:colcon.colcon_core.package_identification:_identify(src/final_arm_urdf) by extension 'colcon_pkg'
[0.172s] Level 1:colcon.colcon_core.package_identification:_identify(src/final_arm_urdf) by extensions ['colcon_meta']
[0.172s] Level 1:colcon.colcon_core.package_identification:_identify(src/final_arm_urdf) by extension 'colcon_meta'
[0.172s] Level 1:colcon.colcon_core.package_identification:_identify(src/final_arm_urdf) by extensions ['ros']
[0.172s] Level 1:colcon.colcon_core.package_identification:_identify(src/final_arm_urdf) by extension 'ros'
[0.173s] DEBUG:colcon.colcon_core.package_identification:Package 'src/final_arm_urdf' with type 'ros.ament_cmake' and name 'final_arm_urdf'
[0.173s] Level 1:colcon.colcon_core.package_identification:_identify(src/starm) by extensions ['ignore', 'ignore_ament_install']
[0.173s] Level 1:colcon.colcon_core.package_identification:_identify(src/starm) by extension 'ignore'
[0.173s] Level 1:colcon.colcon_core.package_identification:_identify(src/starm) by extension 'ignore_ament_install'
[0.173s] Level 1:colcon.colcon_core.package_identification:_identify(src/starm) by extensions ['colcon_pkg']
[0.173s] Level 1:colcon.colcon_core.package_identification:_identify(src/starm) by extension 'colcon_pkg'
[0.173s] Level 1:colcon.colcon_core.package_identification:_identify(src/starm) by extensions ['colcon_meta']
[0.173s] Level 1:colcon.colcon_core.package_identification:_identify(src/starm) by extension 'colcon_meta'
[0.173s] Level 1:colcon.colcon_core.package_identification:_identify(src/starm) by extensions ['ros']
[0.173s] Level 1:colcon.colcon_core.package_identification:_identify(src/starm) by extension 'ros'
[0.174s] DEBUG:colcon.colcon_core.package_identification:Package 'src/starm' with type 'ros.ament_python' and name 'starm'
[0.174s] Level 1:colcon.colcon_core.package_identification:_identify(src/stm) by extensions ['ignore', 'ignore_ament_install']
[0.174s] Level 1:colcon.colcon_core.package_identification:_identify(src/stm) by extension 'ignore'
[0.174s] Level 1:colcon.colcon_core.package_identification:_identify(src/stm) by extension 'ignore_ament_install'
[0.174s] Level 1:colcon.colcon_core.package_identification:_identify(src/stm) by extensions ['colcon_pkg']
[0.174s] Level 1:colcon.colcon_core.package_identification:_identify(src/stm) by extension 'colcon_pkg'
[0.174s] Level 1:colcon.colcon_core.package_identification:_identify(src/stm) by extensions ['colcon_meta']
[0.174s] Level 1:colcon.colcon_core.package_identification:_identify(src/stm) by extension 'colcon_meta'
[0.174s] Level 1:colcon.colcon_core.package_identification:_identify(src/stm) by extensions ['ros']
[0.174s] Level 1:colcon.colcon_core.package_identification:_identify(src/stm) by extension 'ros'
[0.174s] DEBUG:colcon.colcon_core.package_identification:Package 'src/stm' with type 'ros.ament_cmake' and name 'stm'
[0.174s] Level 1:colcon.colcon_core.package_discovery:discover_packages(recursive) using defaults
[0.174s] Level 1:colcon.colcon_core.package_discovery:discover_packages(ignore) discover
[0.174s] Level 1:colcon.colcon_core.package_discovery:discover_packages(ignore) using defaults
[0.174s] Level 1:colcon.colcon_core.package_discovery:discover_packages(path) discover
[0.174s] Level 1:colcon.colcon_core.package_discovery:discover_packages(path) using defaults
[0.183s] Level 1:colcon.colcon_core.package_discovery:discover_packages(prefix_path) check parameters
[0.183s] Level 1:colcon.colcon_core.package_discovery:discover_packages(prefix_path) discover
[0.183s] DEBUG:colcon.colcon_installed_package_information.package_discovery:Found 3 installed packages in /home/sedrica/Desktop/avi/stm_arm/install
[0.184s] DEBUG:colcon.colcon_installed_package_information.package_discovery:Found 454 installed packages in /opt/ros/humble
[0.185s] Level 1:colcon.colcon_core.package_discovery:discover_packages(prefix_path) using defaults
[0.206s] Level 5:colcon.colcon_core.verb:set package 'final_arm_urdf' build argument 'cmake_args' from command line to 'None'
[0.206s] Level 5:colcon.colcon_core.verb:set package 'final_arm_urdf' build argument 'cmake_target' from command line to 'None'
[0.206s] Level 5:colcon.colcon_core.verb:set package 'final_arm_urdf' build argument 'cmake_target_skip_unavailable' from command line to 'False'
[0.206s] Level 5:colcon.colcon_core.verb:set package 'final_arm_urdf' build argument 'cmake_clean_cache' from command line to 'False'
[0.206s] Level 5:colcon.colcon_core.verb:set package 'final_arm_urdf' build argument 'cmake_clean_first' from command line to 'False'
[0.206s] Level 5:colcon.colcon_core.verb:set package 'final_arm_urdf' build argument 'cmake_force_configure' from command line to 'False'
[0.206s] Level 5:colcon.colcon_core.verb:set package 'final_arm_urdf' build argument 'ament_cmake_args' from command line to 'None'
[0.206s] Level 5:colcon.colcon_core.verb:set package 'final_arm_urdf' build argument 'catkin_cmake_args' from command line to 'None'
[0.206s] Level 5:colcon.colcon_core.verb:set package 'final_arm_urdf' build argument 'catkin_skip_building_tests' from command line to 'False'
[0.206s] DEBUG:colcon.colcon_core.verb:Building package 'final_arm_urdf' with the following arguments: {'ament_cmake_args': None, 'build_base': '/home/sedrica/Desktop/avi/stm_arm/build/final_arm_urdf', 'catkin_cmake_args': None, 'catkin_skip_building_tests': False, 'cmake_args': None, 'cmake_clean_cache': False, 'cmake_clean_first': False, 'cmake_force_configure': False, 'cmake_target': None, 'cmake_target_skip_unavailable': False, 'install_base': '/home/sedrica/Desktop/avi/stm_arm/install/final_arm_urdf', 'merge_install': False, 'path': '/home/sedrica/Desktop/avi/stm_arm/src/final_arm_urdf', 'symlink_install': False, 'test_result_base': None}
[0.206s] Level 5:colcon.colcon_core.verb:set package 'starm' build argument 'cmake_args' from command line to 'None'
[0.206s] Level 5:colcon.colcon_core.verb:set package 'starm' build argument 'cmake_target' from command line to 'None'
[0.206s] Level 5:colcon.colcon_core.verb:set package 'starm' build argument 'cmake_target_skip_unavailable' from command line to 'False'
[0.206s] Level 5:colcon.colcon_core.verb:set package 'starm' build argument 'cmake_clean_cache' from command line to 'False'
[0.206s] Level 5:colcon.colcon_core.verb:set package 'starm' build argument 'cmake_clean_first' from command line to 'False'
[0.206s] Level 5:colcon.colcon_core.verb:set package 'starm' build argument 'cmake_force_configure' from command line to 'False'
[0.206s] Level 5:colcon.colcon_core.verb:set package 'starm' build argument 'ament_cmake_args' from command line to 'None'
[0.206s] Level 5:colcon.colcon_core.verb:set package 'starm' build argument 'catkin_cmake_args' from command line to 'None'
[0.206s] Level 5:colcon.colcon_core.verb:set package 'starm' build argument 'catkin_skip_building_tests' from command line to 'False'
[0.206s] DEBUG:colcon.colcon_core.verb:Building package 'starm' with the following arguments: {'ament_cmake_args': None, 'build_base': '/home/sedrica/Desktop/avi/stm_arm/build/starm', 'catkin_cmake_args': None, 'catkin_skip_building_tests': False, 'cmake_args': None, 'cmake_clean_cache': False, 'cmake_clean_first': False, 'cmake_force_configure': False, 'cmake_target': None, 'cmake_target_skip_unavailable': False, 'install_base': '/home/sedrica/Desktop/avi/stm_arm/install/starm', 'merge_install': False, 'path': '/home/sedrica/Desktop/avi/stm_arm/src/starm', 'symlink_install': False, 'test_result_base': None}
[0.207s] Level 5:colcon.colcon_core.verb:set package 'stm' build argument 'cmake_args' from command line to 'None'
[0.207s] Level 5:colcon.colcon_core.verb:set package 'stm' build argument 'cmake_target' from command line to 'None'
[0.207s] Level 5:colcon.colcon_core.verb:set package 'stm' build argument 'cmake_target_skip_unavailable' from command line to 'False'
[0.207s] Level 5:colcon.colcon_core.verb:set package 'stm' build argument 'cmake_clean_cache' from command line to 'False'
[0.207s] Level 5:colcon.colcon_core.verb:set package 'stm' build argument 'cmake_clean_first' from command line to 'False'
[0.207s] Level 5:colcon.colcon_core.verb:set package 'stm' build argument 'cmake_force_configure' from command line to 'False'
[0.207s] Level 5:colcon.colcon_core.verb:set package 'stm' build argument 'ament_cmake_args' from command line to 'None'
[0.207s] Level 5:colcon.colcon_core.verb:set package 'stm' build argument 'catkin_cmake_args' from command line to 'None'
[0.207s] Level 5:colcon.colcon_core.verb:set package 'stm' build argument 'catkin_skip_building_tests' from command line to 'False'
[0.207s] DEBUG:colcon.colcon_core.verb:Building package 'stm' with the following arguments: {'ament_cmake_args': None, 'build_base': '/home/sedrica/Desktop/avi/stm_arm/build/stm', 'catkin_cmake_args': None, 'catkin_skip_building_tests': False, 'cmake_args': None, 'cmake_clean_cache': False, 'cmake_clean_first': False, 'cmake_force_configure': False, 'cmake_target': None, 'cmake_target_skip_unavailable': False, 'install_base': '/home/sedrica/Desktop/avi/stm_arm/install/stm', 'merge_install': False, 'path': '/home/sedrica/Desktop/avi/stm_arm/src/stm', 'symlink_install': False, 'test_result_base': None}
[0.207s] INFO:colcon.colcon_core.executor:Executing jobs using 'parallel' executor
[0.207s] DEBUG:colcon.colcon_parallel_executor.executor.parallel:run_until_complete
[0.207s] INFO:colcon.colcon_ros.task.ament_cmake.build:Building ROS package in '/home/sedrica/Desktop/avi/stm_arm/src/final_arm_urdf' with build type 'ament_cmake'
[0.207s] INFO:colcon.colcon_cmake.task.cmake.build:Building CMake package in '/home/sedrica/Desktop/avi/stm_arm/src/final_arm_urdf'
[0.208s] INFO:colcon.colcon_core.plugin_system:Skipping extension 'colcon_core.shell.bat': Not used on non-Windows systems
[0.208s] INFO:colcon.colcon_core.shell:Skip shell extension 'powershell' for command environment: Not usable outside of PowerShell
[0.208s] DEBUG:colcon.colcon_core.shell:Skip shell extension 'dsv' for command environment
[0.210s] INFO:colcon.colcon_ros.task.ament_python.build:Building ROS package in '/home/sedrica/Desktop/avi/stm_arm/src/starm' with build type 'ament_python'
[0.210s] Level 1:colcon.colcon_core.shell:create_environment_hook('starm', 'ament_prefix_path')
[0.210s] INFO:colcon.colcon_core.shell:Creating environment hook '/home/sedrica/Desktop/avi/stm_arm/install/starm/share/starm/hook/ament_prefix_path.ps1'
[0.210s] INFO:colcon.colcon_core.shell:Creating environment descriptor '/home/sedrica/Desktop/avi/stm_arm/install/starm/share/starm/hook/ament_prefix_path.dsv'
[0.211s] INFO:colcon.colcon_core.shell:Creating environment hook '/home/sedrica/Desktop/avi/stm_arm/install/starm/share/starm/hook/ament_prefix_path.sh'
[0.211s] INFO:colcon.colcon_core.shell:Skip shell extension 'powershell' for command environment: Not usable outside of PowerShell
[0.211s] DEBUG:colcon.colcon_core.shell:Skip shell extension 'dsv' for command environment
[0.215s] DEBUG:colcon.colcon_core.event_handler.log_command:Invoking command in '/home/sedrica/Desktop/avi/stm_arm/build/final_arm_urdf': CMAKE_PREFIX_PATH=${CMAKE_PREFIX_PATH}:/home/sedrica/Desktop/avi/stm_arm/install/starm:/opt/ros/humble /home/sedrica/cmake/bin/cmake --build /home/sedrica/Desktop/avi/stm_arm/build/final_arm_urdf -- -j32 -l32
[0.392s] INFO:colcon.colcon_core.task.python.build:Building Python package in '/home/sedrica/Desktop/avi/stm_arm/src/starm'
[0.393s] INFO:colcon.colcon_core.shell:Skip shell extension 'powershell' for command environment: Not usable outside of PowerShell
[0.393s] DEBUG:colcon.colcon_core.shell:Skip shell extension 'dsv' for command environment
[0.396s] DEBUG:colcon.colcon_core.event_handler.log_command:Invoked command in '/home/sedrica/Desktop/avi/stm_arm/build/final_arm_urdf' returned '0': CMAKE_PREFIX_PATH=${CMAKE_PREFIX_PATH}:/home/sedrica/Desktop/avi/stm_arm/install/starm:/opt/ros/humble /home/sedrica/cmake/bin/cmake --build /home/sedrica/Desktop/avi/stm_arm/build/final_arm_urdf -- -j32 -l32
[0.398s] DEBUG:colcon.colcon_core.event_handler.log_command:Invoking command in '/home/sedrica/Desktop/avi/stm_arm/build/final_arm_urdf': CMAKE_PREFIX_PATH=${CMAKE_PREFIX_PATH}:/home/sedrica/Desktop/avi/stm_arm/install/starm:/opt/ros/humble /home/sedrica/cmake/bin/cmake --install /home/sedrica/Desktop/avi/stm_arm/build/final_arm_urdf
[0.401s] Level 1:colcon.colcon_core.environment:create_environment_scripts_only(final_arm_urdf)
[0.401s] DEBUG:colcon.colcon_core.event_handler.log_command:Invoked command in '/home/sedrica/Desktop/avi/stm_arm/build/final_arm_urdf' returned '0': CMAKE_PREFIX_PATH=${CMAKE_PREFIX_PATH}:/home/sedrica/Desktop/avi/stm_arm/install/starm:/opt/ros/humble /home/sedrica/cmake/bin/cmake --install /home/sedrica/Desktop/avi/stm_arm/build/final_arm_urdf
[0.403s] Level 1:colcon.colcon_core.environment:checking '/home/sedrica/Desktop/avi/stm_arm/install/final_arm_urdf' for CMake module files
[0.403s] Level 1:colcon.colcon_core.environment:checking '/home/sedrica/Desktop/avi/stm_arm/install/final_arm_urdf' for CMake config files
[0.403s] Level 1:colcon.colcon_core.shell:create_environment_hook('final_arm_urdf', 'cmake_prefix_path')
[0.404s] INFO:colcon.colcon_core.shell:Creating environment hook '/home/sedrica/Desktop/avi/stm_arm/install/final_arm_urdf/share/final_arm_urdf/hook/cmake_prefix_path.ps1'
[0.404s] INFO:colcon.colcon_core.shell:Creating environment descriptor '/home/sedrica/Desktop/avi/stm_arm/install/final_arm_urdf/share/final_arm_urdf/hook/cmake_prefix_path.dsv'
[0.404s] INFO:colcon.colcon_core.shell:Creating environment hook '/home/sedrica/Desktop/avi/stm_arm/install/final_arm_urdf/share/final_arm_urdf/hook/cmake_prefix_path.sh'
[0.404s] Level 1:colcon.colcon_core.environment:checking '/home/sedrica/Desktop/avi/stm_arm/install/final_arm_urdf/bin'
[0.404s] Level 1:colcon.colcon_core.environment:checking '/home/sedrica/Desktop/avi/stm_arm/install/final_arm_urdf/lib/pkgconfig/final_arm_urdf.pc'
[0.404s] Level 1:colcon.colcon_core.environment:checking '/home/sedrica/Desktop/avi/stm_arm/install/final_arm_urdf/lib/python3.10/site-packages'
[0.405s] Level 1:colcon.colcon_core.environment:checking '/home/sedrica/Desktop/avi/stm_arm/install/final_arm_urdf/bin'
[0.405s] INFO:colcon.colcon_core.shell:Creating package script '/home/sedrica/Desktop/avi/stm_arm/install/final_arm_urdf/share/final_arm_urdf/package.ps1'
[0.405s] INFO:colcon.colcon_core.shell:Creating package descriptor '/home/sedrica/Desktop/avi/stm_arm/install/final_arm_urdf/share/final_arm_urdf/package.dsv'
[0.405s] INFO:colcon.colcon_core.shell:Creating package script '/home/sedrica/Desktop/avi/stm_arm/install/final_arm_urdf/share/final_arm_urdf/package.sh'
[0.406s] INFO:colcon.colcon_core.shell:Creating package script '/home/sedrica/Desktop/avi/stm_arm/install/final_arm_urdf/share/final_arm_urdf/package.bash'
[0.406s] INFO:colcon.colcon_core.shell:Creating package script '/home/sedrica/Desktop/avi/stm_arm/install/final_arm_urdf/share/final_arm_urdf/package.zsh'
[0.406s] Level 1:colcon.colcon_core.environment:create_file_with_runtime_dependencies(/home/sedrica/Desktop/avi/stm_arm/install/final_arm_urdf/share/colcon-core/packages/final_arm_urdf)
[0.406s] Level 1:colcon.colcon_core.environment:create_environment_scripts_only(final_arm_urdf)
[0.406s] Level 1:colcon.colcon_core.environment:checking '/home/sedrica/Desktop/avi/stm_arm/install/final_arm_urdf' for CMake module files
[0.407s] Level 1:colcon.colcon_core.environment:checking '/home/sedrica/Desktop/avi/stm_arm/install/final_arm_urdf' for CMake config files
[0.407s] Level 1:colcon.colcon_core.shell:create_environment_hook('final_arm_urdf', 'cmake_prefix_path')
[0.407s] INFO:colcon.colcon_core.shell:Creating environment hook '/home/sedrica/Desktop/avi/stm_arm/install/final_arm_urdf/share/final_arm_urdf/hook/cmake_prefix_path.ps1'
[0.407s] INFO:colcon.colcon_core.shell:Creating environment descriptor '/home/sedrica/Desktop/avi/stm_arm/install/final_arm_urdf/share/final_arm_urdf/hook/cmake_prefix_path.dsv'
[0.407s] INFO:colcon.colcon_core.shell:Creating environment hook '/home/sedrica/Desktop/avi/stm_arm/install/final_arm_urdf/share/final_arm_urdf/hook/cmake_prefix_path.sh'
[0.407s] Level 1:colcon.colcon_core.environment:checking '/home/sedrica/Desktop/avi/stm_arm/install/final_arm_urdf/bin'
[0.407s] Level 1:colcon.colcon_core.environment:checking '/home/sedrica/Desktop/avi/stm_arm/install/final_arm_urdf/lib/pkgconfig/final_arm_urdf.pc'
[0.407s] Level 1:colcon.colcon_core.environment:checking '/home/sedrica/Desktop/avi/stm_arm/install/final_arm_urdf/lib/python3.10/site-packages'
[0.407s] Level 1:colcon.colcon_core.environment:checking '/home/sedrica/Desktop/avi/stm_arm/install/final_arm_urdf/bin'
[0.407s] INFO:colcon.colcon_core.shell:Creating package script '/home/sedrica/Desktop/avi/stm_arm/install/final_arm_urdf/share/final_arm_urdf/package.ps1'
[0.408s] INFO:colcon.colcon_core.shell:Creating package descriptor '/home/sedrica/Desktop/avi/stm_arm/install/final_arm_urdf/share/final_arm_urdf/package.dsv'
[0.408s] INFO:colcon.colcon_core.shell:Creating package script '/home/sedrica/Desktop/avi/stm_arm/install/final_arm_urdf/share/final_arm_urdf/package.sh'
[0.408s] INFO:colcon.colcon_core.shell:Creating package script '/home/sedrica/Desktop/avi/stm_arm/install/final_arm_urdf/share/final_arm_urdf/package.bash'
[0.408s] INFO:colcon.colcon_core.shell:Creating package script '/home/sedrica/Desktop/avi/stm_arm/install/final_arm_urdf/share/final_arm_urdf/package.zsh'
[0.408s] Level 1:colcon.colcon_core.environment:create_file_with_runtime_dependencies(/home/sedrica/Desktop/avi/stm_arm/install/final_arm_urdf/share/colcon-core/packages/final_arm_urdf)
[0.408s] INFO:colcon.colcon_ros.task.ament_cmake.build:Building ROS package in '/home/sedrica/Desktop/avi/stm_arm/src/stm' with build type 'ament_cmake'
[0.408s] INFO:colcon.colcon_cmake.task.cmake.build:Building CMake package in '/home/sedrica/Desktop/avi/stm_arm/src/stm'
[0.409s] INFO:colcon.colcon_core.shell:Skip shell extension 'powershell' for command environment: Not usable outside of PowerShell
[0.409s] DEBUG:colcon.colcon_core.shell:Skip shell extension 'dsv' for command environment
[0.413s] DEBUG:colcon.colcon_core.event_handler.log_command:Invoking command in '/home/sedrica/Desktop/avi/stm_arm/build/stm': CMAKE_PREFIX_PATH=/home/sedrica/Desktop/avi/stm_arm/install/final_arm_urdf:/home/sedrica/Desktop/avi/stm_arm/install/stm:/home/sedrica/Desktop/avi/stm_arm/install/starm:/opt/ros/humble /home/sedrica/cmake/bin/cmake --build /home/sedrica/Desktop/avi/stm_arm/build/stm -- -j32 -l32
[0.420s] DEBUG:colcon.colcon_core.event_handler.log_command:Invoked command in '/home/sedrica/Desktop/avi/stm_arm/build/stm' returned '0': CMAKE_PREFIX_PATH=/home/sedrica/Desktop/avi/stm_arm/install/final_arm_urdf:/home/sedrica/Desktop/avi/stm_arm/install/stm:/home/sedrica/Desktop/avi/stm_arm/install/starm:/opt/ros/humble /home/sedrica/cmake/bin/cmake --build /home/sedrica/Desktop/avi/stm_arm/build/stm -- -j32 -l32
[0.421s] DEBUG:colcon.colcon_core.event_handler.log_command:Invoking command in '/home/sedrica/Desktop/avi/stm_arm/build/stm': CMAKE_PREFIX_PATH=/home/sedrica/Desktop/avi/stm_arm/install/final_arm_urdf:/home/sedrica/Desktop/avi/stm_arm/install/stm:/home/sedrica/Desktop/avi/stm_arm/install/starm:/opt/ros/humble /home/sedrica/cmake/bin/cmake --install /home/sedrica/Desktop/avi/stm_arm/build/stm
[0.423s] Level 1:colcon.colcon_core.environment:create_environment_scripts_only(stm)
[0.424s] DEBUG:colcon.colcon_core.event_handler.log_command:Invoked command in '/home/sedrica/Desktop/avi/stm_arm/build/stm' returned '0': CMAKE_PREFIX_PATH=/home/sedrica/Desktop/avi/stm_arm/install/final_arm_urdf:/home/sedrica/Desktop/avi/stm_arm/install/stm:/home/sedrica/Desktop/avi/stm_arm/install/starm:/opt/ros/humble /home/sedrica/cmake/bin/cmake --install /home/sedrica/Desktop/avi/stm_arm/build/stm
[0.424s] Level 1:colcon.colcon_core.environment:checking '/home/sedrica/Desktop/avi/stm_arm/install/stm' for CMake module files
[0.424s] Level 1:colcon.colcon_core.environment:checking '/home/sedrica/Desktop/avi/stm_arm/install/stm' for CMake config files
[0.425s] Level 1:colcon.colcon_core.shell:create_environment_hook('stm', 'cmake_prefix_path')
[0.425s] INFO:colcon.colcon_core.shell:Creating environment hook '/home/sedrica/Desktop/avi/stm_arm/install/stm/share/stm/hook/cmake_prefix_path.ps1'
[0.425s] INFO:colcon.colcon_core.shell:Creating environment descriptor '/home/sedrica/Desktop/avi/stm_arm/install/stm/share/stm/hook/cmake_prefix_path.dsv'
[0.425s] INFO:colcon.colcon_core.shell:Creating environment hook '/home/sedrica/Desktop/avi/stm_arm/install/stm/share/stm/hook/cmake_prefix_path.sh'
[0.426s] Level 1:colcon.colcon_core.environment:checking '/home/sedrica/Desktop/avi/stm_arm/install/stm/bin'
[0.426s] Level 1:colcon.colcon_core.environment:checking '/home/sedrica/Desktop/avi/stm_arm/install/stm/lib/pkgconfig/stm.pc'
[0.426s] Level 1:colcon.colcon_core.environment:checking '/home/sedrica/Desktop/avi/stm_arm/install/stm/lib/python3.10/site-packages'
[0.426s] Level 1:colcon.colcon_core.environment:checking '/home/sedrica/Desktop/avi/stm_arm/install/stm/bin'
[0.426s] INFO:colcon.colcon_core.shell:Creating package script '/home/sedrica/Desktop/avi/stm_arm/install/stm/share/stm/package.ps1'
[0.426s] INFO:colcon.colcon_core.shell:Creating package descriptor '/home/sedrica/Desktop/avi/stm_arm/install/stm/share/stm/package.dsv'
[0.426s] INFO:colcon.colcon_core.shell:Creating package script '/home/sedrica/Desktop/avi/stm_arm/install/stm/share/stm/package.sh'
[0.427s] INFO:colcon.colcon_core.shell:Creating package script '/home/sedrica/Desktop/avi/stm_arm/install/stm/share/stm/package.bash'
[0.427s] INFO:colcon.colcon_core.shell:Creating package script '/home/sedrica/Desktop/avi/stm_arm/install/stm/share/stm/package.zsh'
[0.427s] Level 1:colcon.colcon_core.environment:create_file_with_runtime_dependencies(/home/sedrica/Desktop/avi/stm_arm/install/stm/share/colcon-core/packages/stm)
[0.427s] Level 1:colcon.colcon_core.environment:create_environment_scripts_only(stm)
[0.427s] Level 1:colcon.colcon_core.environment:checking '/home/sedrica/Desktop/avi/stm_arm/install/stm' for CMake module files
[0.427s] Level 1:colcon.colcon_core.environment:checking '/home/sedrica/Desktop/avi/stm_arm/install/stm' for CMake config files
[0.427s] Level 1:colcon.colcon_core.shell:create_environment_hook('stm', 'cmake_prefix_path')
[0.428s] INFO:colcon.colcon_core.shell:Creating environment hook '/home/sedrica/Desktop/avi/stm_arm/install/stm/share/stm/hook/cmake_prefix_path.ps1'
[0.428s] INFO:colcon.colcon_core.shell:Creating environment descriptor '/home/sedrica/Desktop/avi/stm_arm/install/stm/share/stm/hook/cmake_prefix_path.dsv'
[0.428s] INFO:colcon.colcon_core.shell:Creating environment hook '/home/sedrica/Desktop/avi/stm_arm/install/stm/share/stm/hook/cmake_prefix_path.sh'
[0.428s] Level 1:colcon.colcon_core.environment:checking '/home/sedrica/Desktop/avi/stm_arm/install/stm/bin'
[0.428s] Level 1:colcon.colcon_core.environment:checking '/home/sedrica/Desktop/avi/stm_arm/install/stm/lib/pkgconfig/stm.pc'
[0.428s] Level 1:colcon.colcon_core.environment:checking '/home/sedrica/Desktop/avi/stm_arm/install/stm/lib/python3.10/site-packages'
[0.428s] Level 1:colcon.colcon_core.environment:checking '/home/sedrica/Desktop/avi/stm_arm/install/stm/bin'
[0.428s] INFO:colcon.colcon_core.shell:Creating package script '/home/sedrica/Desktop/avi/stm_arm/install/stm/share/stm/package.ps1'
[0.429s] INFO:colcon.colcon_core.shell:Creating package descriptor '/home/sedrica/Desktop/avi/stm_arm/install/stm/share/stm/package.dsv'
[0.429s] INFO:colcon.colcon_core.shell:Creating package script '/home/sedrica/Desktop/avi/stm_arm/install/stm/share/stm/package.sh'
[0.429s] INFO:colcon.colcon_core.shell:Creating package script '/home/sedrica/Desktop/avi/stm_arm/install/stm/share/stm/package.bash'
[0.429s] INFO:colcon.colcon_core.shell:Creating package script '/home/sedrica/Desktop/avi/stm_arm/install/stm/share/stm/package.zsh'
[0.429s] Level 1:colcon.colcon_core.environment:create_file_with_runtime_dependencies(/home/sedrica/Desktop/avi/stm_arm/install/stm/share/colcon-core/packages/stm)
[0.691s] DEBUG:colcon.colcon_core.event_handler.log_command:Invoking command in '/home/sedrica/Desktop/avi/stm_arm/src/starm': PYTHONPATH=/home/sedrica/Desktop/avi/stm_arm/build/starm/prefix_override:/usr/lib/python3/dist-packages/colcon_core/task/python/colcon_distutils_commands:/home/sedrica/Desktop/avi/stm_arm/install/starm/lib/python3.10/site-packages:${PYTHONPATH} /usr/bin/python3 -W ignore:setup.py install is deprecated -W ignore:easy_install command is deprecated setup.py egg_info --egg-base ../../build/starm build --build-base /home/sedrica/Desktop/avi/stm_arm/build/starm/build install --record /home/sedrica/Desktop/avi/stm_arm/build/starm/install.log --single-version-externally-managed install_data
[0.969s] Level 1:colcon.colcon_core.environment:checking '/home/sedrica/Desktop/avi/stm_arm/install/starm' for CMake module files
[0.969s] DEBUG:colcon.colcon_core.event_handler.log_command:Invoked command in '/home/sedrica/Desktop/avi/stm_arm/src/starm' returned '0': PYTHONPATH=/home/sedrica/Desktop/avi/stm_arm/build/starm/prefix_override:/usr/lib/python3/dist-packages/colcon_core/task/python/colcon_distutils_commands:/home/sedrica/Desktop/avi/stm_arm/install/starm/lib/python3.10/site-packages:${PYTHONPATH} /usr/bin/python3 -W ignore:setup.py install is deprecated -W ignore:easy_install command is deprecated setup.py egg_info --egg-base ../../build/starm build --build-base /home/sedrica/Desktop/avi/stm_arm/build/starm/build install --record /home/sedrica/Desktop/avi/stm_arm/build/starm/install.log --single-version-externally-managed install_data
[0.969s] Level 1:colcon.colcon_core.environment:checking '/home/sedrica/Desktop/avi/stm_arm/install/starm' for CMake config files
[0.970s] Level 1:colcon.colcon_core.environment:checking '/home/sedrica/Desktop/avi/stm_arm/install/starm/lib'
[0.970s] Level 1:colcon.colcon_core.environment:checking '/home/sedrica/Desktop/avi/stm_arm/install/starm/bin'
[0.970s] Level 1:colcon.colcon_core.environment:checking '/home/sedrica/Desktop/avi/stm_arm/install/starm/lib/pkgconfig/starm.pc'
[0.970s] Level 1:colcon.colcon_core.environment:checking '/home/sedrica/Desktop/avi/stm_arm/install/starm/lib/python3.10/site-packages'
[0.970s] Level 1:colcon.colcon_core.shell:create_environment_hook('starm', 'pythonpath')
[0.970s] INFO:colcon.colcon_core.shell:Creating environment hook '/home/sedrica/Desktop/avi/stm_arm/install/starm/share/starm/hook/pythonpath.ps1'
[0.971s] INFO:colcon.colcon_core.shell:Creating environment descriptor '/home/sedrica/Desktop/avi/stm_arm/install/starm/share/starm/hook/pythonpath.dsv'
[0.971s] INFO:colcon.colcon_core.shell:Creating environment hook '/home/sedrica/Desktop/avi/stm_arm/install/starm/share/starm/hook/pythonpath.sh'
[0.971s] Level 1:colcon.colcon_core.environment:checking '/home/sedrica/Desktop/avi/stm_arm/install/starm/bin'
[0.971s] Level 1:colcon.colcon_core.environment:create_environment_scripts_only(starm)
[0.972s] INFO:colcon.colcon_core.shell:Creating package script '/home/sedrica/Desktop/avi/stm_arm/install/starm/share/starm/package.ps1'
[0.972s] INFO:colcon.colcon_core.shell:Creating package descriptor '/home/sedrica/Desktop/avi/stm_arm/install/starm/share/starm/package.dsv'
[0.972s] INFO:colcon.colcon_core.shell:Creating package script '/home/sedrica/Desktop/avi/stm_arm/install/starm/share/starm/package.sh'
[0.972s] INFO:colcon.colcon_core.shell:Creating package script '/home/sedrica/Desktop/avi/stm_arm/install/starm/share/starm/package.bash'
[0.973s] INFO:colcon.colcon_core.shell:Creating package script '/home/sedrica/Desktop/avi/stm_arm/install/starm/share/starm/package.zsh'
[0.973s] Level 1:colcon.colcon_core.environment:create_file_with_runtime_dependencies(/home/sedrica/Desktop/avi/stm_arm/install/starm/share/colcon-core/packages/starm)
[0.973s] DEBUG:colcon.colcon_parallel_executor.executor.parallel:closing loop
[0.973s] DEBUG:colcon.colcon_parallel_executor.executor.parallel:loop closed
[0.973s] DEBUG:colcon.colcon_parallel_executor.executor.parallel:run_until_complete finished with '0'
[0.973s] DEBUG:colcon.colcon_core.event_reactor:joining thread
[0.976s] INFO:colcon.colcon_core.plugin_system:Skipping extension 'colcon_notification.desktop_notification.terminal_notifier': Not used on non-Darwin systems
[0.976s] INFO:colcon.colcon_core.plugin_system:Skipping extension 'colcon_notification.desktop_notification.win32': Not used on non-Windows systems
[0.976s] INFO:colcon.colcon_notification.desktop_notification:Sending desktop notification using 'notify2'
[0.981s] DEBUG:colcon.colcon_core.event_reactor:joined thread
[0.982s] INFO:colcon.colcon_core.shell:Creating prefix script '/home/sedrica/Desktop/avi/stm_arm/install/local_setup.ps1'
[0.982s] INFO:colcon.colcon_core.shell:Creating prefix util module '/home/sedrica/Desktop/avi/stm_arm/install/_local_setup_util_ps1.py'
[0.983s] INFO:colcon.colcon_core.shell:Creating prefix chain script '/home/sedrica/Desktop/avi/stm_arm/install/setup.ps1'
[0.984s] INFO:colcon.colcon_core.shell:Creating prefix script '/home/sedrica/Desktop/avi/stm_arm/install/local_setup.sh'
[0.984s] INFO:colcon.colcon_core.shell:Creating prefix util module '/home/sedrica/Desktop/avi/stm_arm/install/_local_setup_util_sh.py'
[0.985s] INFO:colcon.colcon_core.shell:Creating prefix chain script '/home/sedrica/Desktop/avi/stm_arm/install/setup.sh'
[0.985s] INFO:colcon.colcon_core.shell:Creating prefix script '/home/sedrica/Desktop/avi/stm_arm/install/local_setup.bash'
[0.986s] INFO:colcon.colcon_core.shell:Creating prefix chain script '/home/sedrica/Desktop/avi/stm_arm/install/setup.bash'
[0.986s] INFO:colcon.colcon_core.shell:Creating prefix script '/home/sedrica/Desktop/avi/stm_arm/install/local_setup.zsh'
[0.986s] INFO:colcon.colcon_core.shell:Creating prefix chain script '/home/sedrica/Desktop/avi/stm_arm/install/setup.zsh'
