-- Install configuration: ""
-- Up-to-date: /home/sedrica/Desktop/avi/stm_arm/install/stm/share/ament_index/resource_index/package_run_dependencies/stm
-- Up-to-date: /home/sedrica/Desktop/avi/stm_arm/install/stm/share/ament_index/resource_index/parent_prefix_path/stm
-- Up-to-date: /home/sedrica/Desktop/avi/stm_arm/install/stm/share/stm/environment/ament_prefix_path.sh
-- Up-to-date: /home/sedrica/Desktop/avi/stm_arm/install/stm/share/stm/environment/ament_prefix_path.dsv
-- Up-to-date: /home/sedrica/Desktop/avi/stm_arm/install/stm/share/stm/environment/path.sh
-- Up-to-date: /home/sedrica/Desktop/avi/stm_arm/install/stm/share/stm/environment/path.dsv
-- Up-to-date: /home/sedrica/Desktop/avi/stm_arm/install/stm/share/stm/local_setup.bash
-- Up-to-date: /home/sedrica/Desktop/avi/stm_arm/install/stm/share/stm/local_setup.sh
-- Up-to-date: /home/sedrica/Desktop/avi/stm_arm/install/stm/share/stm/local_setup.zsh
-- Up-to-date: /home/sedrica/Desktop/avi/stm_arm/install/stm/share/stm/local_setup.dsv
-- Installing: /home/sedrica/Desktop/avi/stm_arm/install/stm/share/stm/package.dsv
-- Up-to-date: /home/sedrica/Desktop/avi/stm_arm/install/stm/share/ament_index/resource_index/packages/stm
-- Up-to-date: /home/sedrica/Desktop/avi/stm_arm/install/stm/share/stm/cmake/stmConfig.cmake
-- Up-to-date: /home/sedrica/Desktop/avi/stm_arm/install/stm/share/stm/cmake/stmConfig-version.cmake
-- Up-to-date: /home/sedrica/Desktop/avi/stm_arm/install/stm/share/stm/package.xml
-- Up-to-date: /home/sedrica/Desktop/avi/stm_arm/install/stm/share/stm/launch
-- Up-to-date: /home/sedrica/Desktop/avi/stm_arm/install/stm/share/stm/launch/spawn_controllers.launch.py
-- Up-to-date: /home/sedrica/Desktop/avi/stm_arm/install/stm/share/stm/launch/warehouse_db.launch.py
-- Up-to-date: /home/sedrica/Desktop/avi/stm_arm/install/stm/share/stm/launch/moveit_rviz.launch.py
-- Up-to-date: /home/sedrica/Desktop/avi/stm_arm/install/stm/share/stm/launch/rsp.launch.py
-- Up-to-date: /home/sedrica/Desktop/avi/stm_arm/install/stm/share/stm/launch/setup_assistant.launch.py
-- Up-to-date: /home/sedrica/Desktop/avi/stm_arm/install/stm/share/stm/launch/demo.launch.py
-- Up-to-date: /home/sedrica/Desktop/avi/stm_arm/install/stm/share/stm/launch/static_virtual_joint_tfs.launch.py
-- Up-to-date: /home/sedrica/Desktop/avi/stm_arm/install/stm/share/stm/launch/move_group.launch.py
-- Up-to-date: /home/sedrica/Desktop/avi/stm_arm/install/stm/share/stm/config
-- Up-to-date: /home/sedrica/Desktop/avi/stm_arm/install/stm/share/stm/config/kinematics.yaml
-- Up-to-date: /home/sedrica/Desktop/avi/stm_arm/install/stm/share/stm/config/final_arm_urdf.urdf.xacro
-- Up-to-date: /home/sedrica/Desktop/avi/stm_arm/install/stm/share/stm/config/moveit.rviz
-- Up-to-date: /home/sedrica/Desktop/avi/stm_arm/install/stm/share/stm/config/initial_positions.yaml
-- Up-to-date: /home/sedrica/Desktop/avi/stm_arm/install/stm/share/stm/config/final_arm_urdf.ros2_control.xacro
-- Up-to-date: /home/sedrica/Desktop/avi/stm_arm/install/stm/share/stm/config/ros2_controllers.yaml
-- Up-to-date: /home/sedrica/Desktop/avi/stm_arm/install/stm/share/stm/config/joint_limits.yaml
-- Up-to-date: /home/sedrica/Desktop/avi/stm_arm/install/stm/share/stm/config/pilz_cartesian_limits.yaml
-- Installing: /home/sedrica/Desktop/avi/stm_arm/install/stm/share/stm/config/moveit_controllers.yaml
-- Up-to-date: /home/sedrica/Desktop/avi/stm_arm/install/stm/share/stm/config/final_arm_urdf.srdf
-- Up-to-date: /home/sedrica/Desktop/avi/stm_arm/install/stm/share/stm/.setup_assistant
