-- Install configuration: ""
-- Up-to-date: /home/sedrica/Desktop/avi/stm_arm/install/final_arm_urdf/share/final_arm_urdf/urdf
-- Up-to-date: /home/sedrica/Desktop/avi/stm_arm/install/final_arm_urdf/share/final_arm_urdf/urdf/final_arm_urdf.xacro
-- Up-to-date: /home/sedrica/Desktop/avi/stm_arm/install/final_arm_urdf/share/final_arm_urdf/meshes
-- Up-to-date: /home/sedrica/Desktop/avi/stm_arm/install/final_arm_urdf/share/final_arm_urdf/meshes/collision
-- Up-to-date: /home/sedrica/Desktop/avi/stm_arm/install/final_arm_urdf/share/final_arm_urdf/meshes/collision/link3.STL
-- Up-to-date: /home/sedrica/Desktop/avi/stm_arm/install/final_arm_urdf/share/final_arm_urdf/meshes/collision/link4.STL
-- Up-to-date: /home/sedrica/Desktop/avi/stm_arm/install/final_arm_urdf/share/final_arm_urdf/meshes/collision/link2.STL
-- Up-to-date: /home/sedrica/Desktop/avi/stm_arm/install/final_arm_urdf/share/final_arm_urdf/meshes/collision/link1.STL
-- Up-to-date: /home/sedrica/Desktop/avi/stm_arm/install/final_arm_urdf/share/final_arm_urdf/meshes/collision/link5.STL
-- Up-to-date: /home/sedrica/Desktop/avi/stm_arm/install/final_arm_urdf/share/final_arm_urdf/meshes/collision/base_link.STL
-- Up-to-date: /home/sedrica/Desktop/avi/stm_arm/install/final_arm_urdf/share/final_arm_urdf/meshes/visual
-- Up-to-date: /home/sedrica/Desktop/avi/stm_arm/install/final_arm_urdf/share/final_arm_urdf/meshes/visual/link3.STL
-- Up-to-date: /home/sedrica/Desktop/avi/stm_arm/install/final_arm_urdf/share/final_arm_urdf/meshes/visual/link4.STL
-- Up-to-date: /home/sedrica/Desktop/avi/stm_arm/install/final_arm_urdf/share/final_arm_urdf/meshes/visual/link2.STL
-- Up-to-date: /home/sedrica/Desktop/avi/stm_arm/install/final_arm_urdf/share/final_arm_urdf/meshes/visual/link1.STL
-- Up-to-date: /home/sedrica/Desktop/avi/stm_arm/install/final_arm_urdf/share/final_arm_urdf/meshes/visual/link5.STL
-- Up-to-date: /home/sedrica/Desktop/avi/stm_arm/install/final_arm_urdf/share/final_arm_urdf/meshes/visual/base_link.STL
-- Up-to-date: /home/sedrica/Desktop/avi/stm_arm/install/final_arm_urdf/share/final_arm_urdf/launch
-- Up-to-date: /home/sedrica/Desktop/avi/stm_arm/install/final_arm_urdf/share/final_arm_urdf/rviz
-- Up-to-date: /home/sedrica/Desktop/avi/stm_arm/install/final_arm_urdf/share/ament_index/resource_index/package_run_dependencies/final_arm_urdf
-- Up-to-date: /home/sedrica/Desktop/avi/stm_arm/install/final_arm_urdf/share/ament_index/resource_index/parent_prefix_path/final_arm_urdf
-- Up-to-date: /home/sedrica/Desktop/avi/stm_arm/install/final_arm_urdf/share/final_arm_urdf/environment/ament_prefix_path.sh
-- Up-to-date: /home/sedrica/Desktop/avi/stm_arm/install/final_arm_urdf/share/final_arm_urdf/environment/ament_prefix_path.dsv
-- Up-to-date: /home/sedrica/Desktop/avi/stm_arm/install/final_arm_urdf/share/final_arm_urdf/environment/path.sh
-- Up-to-date: /home/sedrica/Desktop/avi/stm_arm/install/final_arm_urdf/share/final_arm_urdf/environment/path.dsv
-- Up-to-date: /home/sedrica/Desktop/avi/stm_arm/install/final_arm_urdf/share/final_arm_urdf/local_setup.bash
-- Up-to-date: /home/sedrica/Desktop/avi/stm_arm/install/final_arm_urdf/share/final_arm_urdf/local_setup.sh
-- Up-to-date: /home/sedrica/Desktop/avi/stm_arm/install/final_arm_urdf/share/final_arm_urdf/local_setup.zsh
-- Up-to-date: /home/sedrica/Desktop/avi/stm_arm/install/final_arm_urdf/share/final_arm_urdf/local_setup.dsv
-- Up-to-date: /home/sedrica/Desktop/avi/stm_arm/install/final_arm_urdf/share/final_arm_urdf/package.dsv
-- Up-to-date: /home/sedrica/Desktop/avi/stm_arm/install/final_arm_urdf/share/ament_index/resource_index/packages/final_arm_urdf
-- Up-to-date: /home/sedrica/Desktop/avi/stm_arm/install/final_arm_urdf/share/final_arm_urdf/cmake/final_arm_urdfConfig.cmake
-- Up-to-date: /home/sedrica/Desktop/avi/stm_arm/install/final_arm_urdf/share/final_arm_urdf/cmake/final_arm_urdfConfig-version.cmake
-- Up-to-date: /home/sedrica/Desktop/avi/stm_arm/install/final_arm_urdf/share/final_arm_urdf/package.xml
