[0.045s] DEBUG:colcon:Command line arguments: ['/usr/bin/colcon', 'build']
[0.045s] DEBUG:colcon:Parsed command line arguments: Namespace(log_base=None, log_level=None, verb_name='build', build_base='build', install_base='install', merge_install=False, symlink_install=False, test_result_base=None, continue_on_error=False, executor='parallel', parallel_workers=32, event_handlers=None, ignore_user_meta=False, metas=['./colcon.meta'], base_paths=['.'], packages_ignore=None, packages_ignore_regex=None, paths=None, packages_up_to=None, packages_up_to_regex=None, packages_above=None, packages_above_and_dependencies=None, packages_above_depth=None, packages_select_by_dep=None, packages_skip_by_dep=None, packages_skip_up_to=None, packages_select_build_failed=False, packages_skip_build_finished=False, packages_select_test_failures=False, packages_skip_test_passed=False, packages_select=None, packages_skip=None, packages_select_regex=None, packages_skip_regex=None, packages_start=None, packages_end=None, allow_overriding=[], cmake_args=None, cmake_target=None, cmake_target_skip_unavailable=False, cmake_clean_cache=False, cmake_clean_first=False, cmake_force_configure=False, ament_cmake_args=None, catkin_cmake_args=None, catkin_skip_building_tests=False, verb_parser=<colcon_defaults.argument_parser.defaults.DefaultArgumentsDecorator object at 0x7dc1f24b02e0>, verb_extension=<colcon_core.verb.build.BuildVerb object at 0x7dc1f247fbe0>, main=<bound method BuildVerb.main of <colcon_core.verb.build.BuildVerb object at 0x7dc1f247fbe0>>)
[0.158s] Level 1:colcon.colcon_core.package_discovery:discover_packages(colcon_meta) check parameters
[0.158s] Level 1:colcon.colcon_core.package_discovery:discover_packages(recursive) check parameters
[0.158s] Level 1:colcon.colcon_core.package_discovery:discover_packages(ignore) check parameters
[0.158s] Level 1:colcon.colcon_core.package_discovery:discover_packages(path) check parameters
[0.158s] Level 1:colcon.colcon_core.package_discovery:discover_packages(colcon_meta) discover
[0.158s] Level 1:colcon.colcon_core.package_discovery:discover_packages(recursive) discover
[0.158s] INFO:colcon.colcon_core.package_discovery:Crawling recursively for packages in '/home/sedrica/Desktop/avi/stm_arm'
[0.159s] Level 1:colcon.colcon_core.package_identification:_identify(.) by extensions ['ignore', 'ignore_ament_install']
[0.159s] Level 1:colcon.colcon_core.package_identification:_identify(.) by extension 'ignore'
[0.159s] Level 1:colcon.colcon_core.package_identification:_identify(.) by extension 'ignore_ament_install'
[0.159s] Level 1:colcon.colcon_core.package_identification:_identify(.) by extensions ['colcon_pkg']
[0.159s] Level 1:colcon.colcon_core.package_identification:_identify(.) by extension 'colcon_pkg'
[0.159s] Level 1:colcon.colcon_core.package_identification:_identify(.) by extensions ['colcon_meta']
[0.159s] Level 1:colcon.colcon_core.package_identification:_identify(.) by extension 'colcon_meta'
[0.159s] Level 1:colcon.colcon_core.package_identification:_identify(.) by extensions ['ros']
[0.159s] Level 1:colcon.colcon_core.package_identification:_identify(.) by extension 'ros'
[0.170s] Level 1:colcon.colcon_core.package_identification:_identify(.) by extensions ['cmake', 'python']
[0.170s] Level 1:colcon.colcon_core.package_identification:_identify(.) by extension 'cmake'
[0.170s] Level 1:colcon.colcon_core.package_identification:_identify(.) by extension 'python'
[0.170s] Level 1:colcon.colcon_core.package_identification:_identify(.) by extensions ['python_setup_py']
[0.171s] Level 1:colcon.colcon_core.package_identification:_identify(.) by extension 'python_setup_py'
[0.171s] Level 1:colcon.colcon_core.package_identification:_identify(build) by extensions ['ignore', 'ignore_ament_install']
[0.171s] Level 1:colcon.colcon_core.package_identification:_identify(build) by extension 'ignore'
[0.171s] Level 1:colcon.colcon_core.package_identification:_identify(build) ignored
[0.171s] Level 1:colcon.colcon_core.package_identification:_identify(install) by extensions ['ignore', 'ignore_ament_install']
[0.171s] Level 1:colcon.colcon_core.package_identification:_identify(install) by extension 'ignore'
[0.171s] Level 1:colcon.colcon_core.package_identification:_identify(install) ignored
[0.171s] Level 1:colcon.colcon_core.package_identification:_identify(log) by extensions ['ignore', 'ignore_ament_install']
[0.171s] Level 1:colcon.colcon_core.package_identification:_identify(log) by extension 'ignore'
[0.171s] Level 1:colcon.colcon_core.package_identification:_identify(log) ignored
[0.171s] Level 1:colcon.colcon_core.package_identification:_identify(src) by extensions ['ignore', 'ignore_ament_install']
[0.171s] Level 1:colcon.colcon_core.package_identification:_identify(src) by extension 'ignore'
[0.171s] Level 1:colcon.colcon_core.package_identification:_identify(src) by extension 'ignore_ament_install'
[0.171s] Level 1:colcon.colcon_core.package_identification:_identify(src) by extensions ['colcon_pkg']
[0.171s] Level 1:colcon.colcon_core.package_identification:_identify(src) by extension 'colcon_pkg'
[0.171s] Level 1:colcon.colcon_core.package_identification:_identify(src) by extensions ['colcon_meta']
[0.171s] Level 1:colcon.colcon_core.package_identification:_identify(src) by extension 'colcon_meta'
[0.171s] Level 1:colcon.colcon_core.package_identification:_identify(src) by extensions ['ros']
[0.171s] Level 1:colcon.colcon_core.package_identification:_identify(src) by extension 'ros'
[0.171s] Level 1:colcon.colcon_core.package_identification:_identify(src) by extensions ['cmake', 'python']
[0.171s] Level 1:colcon.colcon_core.package_identification:_identify(src) by extension 'cmake'
[0.171s] Level 1:colcon.colcon_core.package_identification:_identify(src) by extension 'python'
[0.171s] Level 1:colcon.colcon_core.package_identification:_identify(src) by extensions ['python_setup_py']
[0.171s] Level 1:colcon.colcon_core.package_identification:_identify(src) by extension 'python_setup_py'
[0.171s] Level 1:colcon.colcon_core.package_identification:_identify(src/final_arm_urdf) by extensions ['ignore', 'ignore_ament_install']
[0.171s] Level 1:colcon.colcon_core.package_identification:_identify(src/final_arm_urdf) by extension 'ignore'
[0.171s] Level 1:colcon.colcon_core.package_identification:_identify(src/final_arm_urdf) by extension 'ignore_ament_install'
[0.171s] Level 1:colcon.colcon_core.package_identification:_identify(src/final_arm_urdf) by extensions ['colcon_pkg']
[0.171s] Level 1:colcon.colcon_core.package_identification:_identify(src/final_arm_urdf) by extension 'colcon_pkg'
[0.171s] Level 1:colcon.colcon_core.package_identification:_identify(src/final_arm_urdf) by extensions ['colcon_meta']
[0.171s] Level 1:colcon.colcon_core.package_identification:_identify(src/final_arm_urdf) by extension 'colcon_meta'
[0.171s] Level 1:colcon.colcon_core.package_identification:_identify(src/final_arm_urdf) by extensions ['ros']
[0.171s] Level 1:colcon.colcon_core.package_identification:_identify(src/final_arm_urdf) by extension 'ros'
[0.172s] DEBUG:colcon.colcon_core.package_identification:Package 'src/final_arm_urdf' with type 'ros.ament_cmake' and name 'final_arm_urdf'
[0.172s] Level 1:colcon.colcon_core.package_identification:_identify(src/starm) by extensions ['ignore', 'ignore_ament_install']
[0.172s] Level 1:colcon.colcon_core.package_identification:_identify(src/starm) by extension 'ignore'
[0.172s] Level 1:colcon.colcon_core.package_identification:_identify(src/starm) by extension 'ignore_ament_install'
[0.172s] Level 1:colcon.colcon_core.package_identification:_identify(src/starm) by extensions ['colcon_pkg']
[0.172s] Level 1:colcon.colcon_core.package_identification:_identify(src/starm) by extension 'colcon_pkg'
[0.172s] Level 1:colcon.colcon_core.package_identification:_identify(src/starm) by extensions ['colcon_meta']
[0.172s] Level 1:colcon.colcon_core.package_identification:_identify(src/starm) by extension 'colcon_meta'
[0.172s] Level 1:colcon.colcon_core.package_identification:_identify(src/starm) by extensions ['ros']
[0.172s] Level 1:colcon.colcon_core.package_identification:_identify(src/starm) by extension 'ros'
[0.173s] DEBUG:colcon.colcon_core.package_identification:Package 'src/starm' with type 'ros.ament_python' and name 'starm'
[0.173s] Level 1:colcon.colcon_core.package_identification:_identify(src/stm) by extensions ['ignore', 'ignore_ament_install']
[0.173s] Level 1:colcon.colcon_core.package_identification:_identify(src/stm) by extension 'ignore'
[0.173s] Level 1:colcon.colcon_core.package_identification:_identify(src/stm) by extension 'ignore_ament_install'
[0.173s] Level 1:colcon.colcon_core.package_identification:_identify(src/stm) by extensions ['colcon_pkg']
[0.173s] Level 1:colcon.colcon_core.package_identification:_identify(src/stm) by extension 'colcon_pkg'
[0.173s] Level 1:colcon.colcon_core.package_identification:_identify(src/stm) by extensions ['colcon_meta']
[0.173s] Level 1:colcon.colcon_core.package_identification:_identify(src/stm) by extension 'colcon_meta'
[0.173s] Level 1:colcon.colcon_core.package_identification:_identify(src/stm) by extensions ['ros']
[0.173s] Level 1:colcon.colcon_core.package_identification:_identify(src/stm) by extension 'ros'
[0.173s] DEBUG:colcon.colcon_core.package_identification:Package 'src/stm' with type 'ros.ament_cmake' and name 'stm'
[0.173s] Level 1:colcon.colcon_core.package_discovery:discover_packages(recursive) using defaults
[0.173s] Level 1:colcon.colcon_core.package_discovery:discover_packages(ignore) discover
[0.173s] Level 1:colcon.colcon_core.package_discovery:discover_packages(ignore) using defaults
[0.173s] Level 1:colcon.colcon_core.package_discovery:discover_packages(path) discover
[0.173s] Level 1:colcon.colcon_core.package_discovery:discover_packages(path) using defaults
[0.182s] Level 1:colcon.colcon_core.package_discovery:discover_packages(prefix_path) check parameters
[0.182s] Level 1:colcon.colcon_core.package_discovery:discover_packages(prefix_path) discover
[0.182s] DEBUG:colcon.colcon_installed_package_information.package_discovery:Found 3 installed packages in /home/sedrica/Desktop/avi/stm_arm/install
[0.183s] DEBUG:colcon.colcon_installed_package_information.package_discovery:Found 454 installed packages in /opt/ros/humble
[0.184s] Level 1:colcon.colcon_core.package_discovery:discover_packages(prefix_path) using defaults
[0.204s] Level 5:colcon.colcon_core.verb:set package 'final_arm_urdf' build argument 'cmake_args' from command line to 'None'
[0.204s] Level 5:colcon.colcon_core.verb:set package 'final_arm_urdf' build argument 'cmake_target' from command line to 'None'
[0.204s] Level 5:colcon.colcon_core.verb:set package 'final_arm_urdf' build argument 'cmake_target_skip_unavailable' from command line to 'False'
[0.204s] Level 5:colcon.colcon_core.verb:set package 'final_arm_urdf' build argument 'cmake_clean_cache' from command line to 'False'
[0.204s] Level 5:colcon.colcon_core.verb:set package 'final_arm_urdf' build argument 'cmake_clean_first' from command line to 'False'
[0.204s] Level 5:colcon.colcon_core.verb:set package 'final_arm_urdf' build argument 'cmake_force_configure' from command line to 'False'
[0.204s] Level 5:colcon.colcon_core.verb:set package 'final_arm_urdf' build argument 'ament_cmake_args' from command line to 'None'
[0.204s] Level 5:colcon.colcon_core.verb:set package 'final_arm_urdf' build argument 'catkin_cmake_args' from command line to 'None'
[0.204s] Level 5:colcon.colcon_core.verb:set package 'final_arm_urdf' build argument 'catkin_skip_building_tests' from command line to 'False'
[0.204s] DEBUG:colcon.colcon_core.verb:Building package 'final_arm_urdf' with the following arguments: {'ament_cmake_args': None, 'build_base': '/home/sedrica/Desktop/avi/stm_arm/build/final_arm_urdf', 'catkin_cmake_args': None, 'catkin_skip_building_tests': False, 'cmake_args': None, 'cmake_clean_cache': False, 'cmake_clean_first': False, 'cmake_force_configure': False, 'cmake_target': None, 'cmake_target_skip_unavailable': False, 'install_base': '/home/sedrica/Desktop/avi/stm_arm/install/final_arm_urdf', 'merge_install': False, 'path': '/home/sedrica/Desktop/avi/stm_arm/src/final_arm_urdf', 'symlink_install': False, 'test_result_base': None}
[0.204s] Level 5:colcon.colcon_core.verb:set package 'starm' build argument 'cmake_args' from command line to 'None'
[0.204s] Level 5:colcon.colcon_core.verb:set package 'starm' build argument 'cmake_target' from command line to 'None'
[0.204s] Level 5:colcon.colcon_core.verb:set package 'starm' build argument 'cmake_target_skip_unavailable' from command line to 'False'
[0.204s] Level 5:colcon.colcon_core.verb:set package 'starm' build argument 'cmake_clean_cache' from command line to 'False'
[0.204s] Level 5:colcon.colcon_core.verb:set package 'starm' build argument 'cmake_clean_first' from command line to 'False'
[0.204s] Level 5:colcon.colcon_core.verb:set package 'starm' build argument 'cmake_force_configure' from command line to 'False'
[0.204s] Level 5:colcon.colcon_core.verb:set package 'starm' build argument 'ament_cmake_args' from command line to 'None'
[0.204s] Level 5:colcon.colcon_core.verb:set package 'starm' build argument 'catkin_cmake_args' from command line to 'None'
[0.204s] Level 5:colcon.colcon_core.verb:set package 'starm' build argument 'catkin_skip_building_tests' from command line to 'False'
[0.205s] DEBUG:colcon.colcon_core.verb:Building package 'starm' with the following arguments: {'ament_cmake_args': None, 'build_base': '/home/sedrica/Desktop/avi/stm_arm/build/starm', 'catkin_cmake_args': None, 'catkin_skip_building_tests': False, 'cmake_args': None, 'cmake_clean_cache': False, 'cmake_clean_first': False, 'cmake_force_configure': False, 'cmake_target': None, 'cmake_target_skip_unavailable': False, 'install_base': '/home/sedrica/Desktop/avi/stm_arm/install/starm', 'merge_install': False, 'path': '/home/sedrica/Desktop/avi/stm_arm/src/starm', 'symlink_install': False, 'test_result_base': None}
[0.205s] Level 5:colcon.colcon_core.verb:set package 'stm' build argument 'cmake_args' from command line to 'None'
[0.205s] Level 5:colcon.colcon_core.verb:set package 'stm' build argument 'cmake_target' from command line to 'None'
[0.205s] Level 5:colcon.colcon_core.verb:set package 'stm' build argument 'cmake_target_skip_unavailable' from command line to 'False'
[0.205s] Level 5:colcon.colcon_core.verb:set package 'stm' build argument 'cmake_clean_cache' from command line to 'False'
[0.205s] Level 5:colcon.colcon_core.verb:set package 'stm' build argument 'cmake_clean_first' from command line to 'False'
[0.205s] Level 5:colcon.colcon_core.verb:set package 'stm' build argument 'cmake_force_configure' from command line to 'False'
[0.205s] Level 5:colcon.colcon_core.verb:set package 'stm' build argument 'ament_cmake_args' from command line to 'None'
[0.205s] Level 5:colcon.colcon_core.verb:set package 'stm' build argument 'catkin_cmake_args' from command line to 'None'
[0.205s] Level 5:colcon.colcon_core.verb:set package 'stm' build argument 'catkin_skip_building_tests' from command line to 'False'
[0.205s] DEBUG:colcon.colcon_core.verb:Building package 'stm' with the following arguments: {'ament_cmake_args': None, 'build_base': '/home/sedrica/Desktop/avi/stm_arm/build/stm', 'catkin_cmake_args': None, 'catkin_skip_building_tests': False, 'cmake_args': None, 'cmake_clean_cache': False, 'cmake_clean_first': False, 'cmake_force_configure': False, 'cmake_target': None, 'cmake_target_skip_unavailable': False, 'install_base': '/home/sedrica/Desktop/avi/stm_arm/install/stm', 'merge_install': False, 'path': '/home/sedrica/Desktop/avi/stm_arm/src/stm', 'symlink_install': False, 'test_result_base': None}
[0.205s] INFO:colcon.colcon_core.executor:Executing jobs using 'parallel' executor
[0.205s] DEBUG:colcon.colcon_parallel_executor.executor.parallel:run_until_complete
[0.205s] INFO:colcon.colcon_ros.task.ament_cmake.build:Building ROS package in '/home/sedrica/Desktop/avi/stm_arm/src/final_arm_urdf' with build type 'ament_cmake'
[0.205s] INFO:colcon.colcon_cmake.task.cmake.build:Building CMake package in '/home/sedrica/Desktop/avi/stm_arm/src/final_arm_urdf'
[0.206s] INFO:colcon.colcon_core.plugin_system:Skipping extension 'colcon_core.shell.bat': Not used on non-Windows systems
[0.206s] INFO:colcon.colcon_core.shell:Skip shell extension 'powershell' for command environment: Not usable outside of PowerShell
[0.206s] DEBUG:colcon.colcon_core.shell:Skip shell extension 'dsv' for command environment
[0.208s] INFO:colcon.colcon_ros.task.ament_python.build:Building ROS package in '/home/sedrica/Desktop/avi/stm_arm/src/starm' with build type 'ament_python'
[0.208s] Level 1:colcon.colcon_core.shell:create_environment_hook('starm', 'ament_prefix_path')
[0.208s] INFO:colcon.colcon_core.shell:Creating environment hook '/home/sedrica/Desktop/avi/stm_arm/install/starm/share/starm/hook/ament_prefix_path.ps1'
[0.209s] INFO:colcon.colcon_core.shell:Creating environment descriptor '/home/sedrica/Desktop/avi/stm_arm/install/starm/share/starm/hook/ament_prefix_path.dsv'
[0.209s] INFO:colcon.colcon_core.shell:Creating environment hook '/home/sedrica/Desktop/avi/stm_arm/install/starm/share/starm/hook/ament_prefix_path.sh'
[0.209s] INFO:colcon.colcon_core.shell:Skip shell extension 'powershell' for command environment: Not usable outside of PowerShell
[0.209s] DEBUG:colcon.colcon_core.shell:Skip shell extension 'dsv' for command environment
[0.213s] DEBUG:colcon.colcon_core.event_handler.log_command:Invoking command in '/home/sedrica/Desktop/avi/stm_arm/build/final_arm_urdf': CMAKE_PREFIX_PATH=${CMAKE_PREFIX_PATH}:/home/sedrica/Desktop/avi/stm_arm/install/starm:/opt/ros/humble /home/sedrica/cmake/bin/cmake --build /home/sedrica/Desktop/avi/stm_arm/build/final_arm_urdf -- -j32 -l32
[0.383s] INFO:colcon.colcon_core.task.python.build:Building Python package in '/home/sedrica/Desktop/avi/stm_arm/src/starm'
[0.383s] INFO:colcon.colcon_core.shell:Skip shell extension 'powershell' for command environment: Not usable outside of PowerShell
[0.383s] DEBUG:colcon.colcon_core.shell:Skip shell extension 'dsv' for command environment
[0.386s] DEBUG:colcon.colcon_core.event_handler.log_command:Invoked command in '/home/sedrica/Desktop/avi/stm_arm/build/final_arm_urdf' returned '0': CMAKE_PREFIX_PATH=${CMAKE_PREFIX_PATH}:/home/sedrica/Desktop/avi/stm_arm/install/starm:/opt/ros/humble /home/sedrica/cmake/bin/cmake --build /home/sedrica/Desktop/avi/stm_arm/build/final_arm_urdf -- -j32 -l32
[0.388s] DEBUG:colcon.colcon_core.event_handler.log_command:Invoking command in '/home/sedrica/Desktop/avi/stm_arm/build/final_arm_urdf': CMAKE_PREFIX_PATH=${CMAKE_PREFIX_PATH}:/home/sedrica/Desktop/avi/stm_arm/install/starm:/opt/ros/humble /home/sedrica/cmake/bin/cmake --install /home/sedrica/Desktop/avi/stm_arm/build/final_arm_urdf
[0.391s] Level 1:colcon.colcon_core.environment:create_environment_scripts_only(final_arm_urdf)
[0.391s] DEBUG:colcon.colcon_core.event_handler.log_command:Invoked command in '/home/sedrica/Desktop/avi/stm_arm/build/final_arm_urdf' returned '0': CMAKE_PREFIX_PATH=${CMAKE_PREFIX_PATH}:/home/sedrica/Desktop/avi/stm_arm/install/starm:/opt/ros/humble /home/sedrica/cmake/bin/cmake --install /home/sedrica/Desktop/avi/stm_arm/build/final_arm_urdf
[0.392s] Level 1:colcon.colcon_core.environment:checking '/home/sedrica/Desktop/avi/stm_arm/install/final_arm_urdf' for CMake module files
[0.393s] Level 1:colcon.colcon_core.environment:checking '/home/sedrica/Desktop/avi/stm_arm/install/final_arm_urdf' for CMake config files
[0.393s] Level 1:colcon.colcon_core.shell:create_environment_hook('final_arm_urdf', 'cmake_prefix_path')
[0.393s] INFO:colcon.colcon_core.shell:Creating environment hook '/home/sedrica/Desktop/avi/stm_arm/install/final_arm_urdf/share/final_arm_urdf/hook/cmake_prefix_path.ps1'
[0.393s] INFO:colcon.colcon_core.shell:Creating environment descriptor '/home/sedrica/Desktop/avi/stm_arm/install/final_arm_urdf/share/final_arm_urdf/hook/cmake_prefix_path.dsv'
[0.394s] INFO:colcon.colcon_core.shell:Creating environment hook '/home/sedrica/Desktop/avi/stm_arm/install/final_arm_urdf/share/final_arm_urdf/hook/cmake_prefix_path.sh'
[0.394s] Level 1:colcon.colcon_core.environment:checking '/home/sedrica/Desktop/avi/stm_arm/install/final_arm_urdf/bin'
[0.394s] Level 1:colcon.colcon_core.environment:checking '/home/sedrica/Desktop/avi/stm_arm/install/final_arm_urdf/lib/pkgconfig/final_arm_urdf.pc'
[0.394s] Level 1:colcon.colcon_core.environment:checking '/home/sedrica/Desktop/avi/stm_arm/install/final_arm_urdf/lib/python3.10/site-packages'
[0.394s] Level 1:colcon.colcon_core.environment:checking '/home/sedrica/Desktop/avi/stm_arm/install/final_arm_urdf/bin'
[0.394s] INFO:colcon.colcon_core.shell:Creating package script '/home/sedrica/Desktop/avi/stm_arm/install/final_arm_urdf/share/final_arm_urdf/package.ps1'
[0.395s] INFO:colcon.colcon_core.shell:Creating package descriptor '/home/sedrica/Desktop/avi/stm_arm/install/final_arm_urdf/share/final_arm_urdf/package.dsv'
[0.395s] INFO:colcon.colcon_core.shell:Creating package script '/home/sedrica/Desktop/avi/stm_arm/install/final_arm_urdf/share/final_arm_urdf/package.sh'
[0.395s] INFO:colcon.colcon_core.shell:Creating package script '/home/sedrica/Desktop/avi/stm_arm/install/final_arm_urdf/share/final_arm_urdf/package.bash'
[0.395s] INFO:colcon.colcon_core.shell:Creating package script '/home/sedrica/Desktop/avi/stm_arm/install/final_arm_urdf/share/final_arm_urdf/package.zsh'
[0.396s] Level 1:colcon.colcon_core.environment:create_file_with_runtime_dependencies(/home/sedrica/Desktop/avi/stm_arm/install/final_arm_urdf/share/colcon-core/packages/final_arm_urdf)
[0.396s] Level 1:colcon.colcon_core.environment:create_environment_scripts_only(final_arm_urdf)
[0.396s] Level 1:colcon.colcon_core.environment:checking '/home/sedrica/Desktop/avi/stm_arm/install/final_arm_urdf' for CMake module files
[0.396s] Level 1:colcon.colcon_core.environment:checking '/home/sedrica/Desktop/avi/stm_arm/install/final_arm_urdf' for CMake config files
[0.396s] Level 1:colcon.colcon_core.shell:create_environment_hook('final_arm_urdf', 'cmake_prefix_path')
[0.396s] INFO:colcon.colcon_core.shell:Creating environment hook '/home/sedrica/Desktop/avi/stm_arm/install/final_arm_urdf/share/final_arm_urdf/hook/cmake_prefix_path.ps1'
[0.396s] INFO:colcon.colcon_core.shell:Creating environment descriptor '/home/sedrica/Desktop/avi/stm_arm/install/final_arm_urdf/share/final_arm_urdf/hook/cmake_prefix_path.dsv'
[0.397s] INFO:colcon.colcon_core.shell:Creating environment hook '/home/sedrica/Desktop/avi/stm_arm/install/final_arm_urdf/share/final_arm_urdf/hook/cmake_prefix_path.sh'
[0.397s] Level 1:colcon.colcon_core.environment:checking '/home/sedrica/Desktop/avi/stm_arm/install/final_arm_urdf/bin'
[0.397s] Level 1:colcon.colcon_core.environment:checking '/home/sedrica/Desktop/avi/stm_arm/install/final_arm_urdf/lib/pkgconfig/final_arm_urdf.pc'
[0.397s] Level 1:colcon.colcon_core.environment:checking '/home/sedrica/Desktop/avi/stm_arm/install/final_arm_urdf/lib/python3.10/site-packages'
[0.397s] Level 1:colcon.colcon_core.environment:checking '/home/sedrica/Desktop/avi/stm_arm/install/final_arm_urdf/bin'
[0.397s] INFO:colcon.colcon_core.shell:Creating package script '/home/sedrica/Desktop/avi/stm_arm/install/final_arm_urdf/share/final_arm_urdf/package.ps1'
[0.397s] INFO:colcon.colcon_core.shell:Creating package descriptor '/home/sedrica/Desktop/avi/stm_arm/install/final_arm_urdf/share/final_arm_urdf/package.dsv'
[0.397s] INFO:colcon.colcon_core.shell:Creating package script '/home/sedrica/Desktop/avi/stm_arm/install/final_arm_urdf/share/final_arm_urdf/package.sh'
[0.398s] INFO:colcon.colcon_core.shell:Creating package script '/home/sedrica/Desktop/avi/stm_arm/install/final_arm_urdf/share/final_arm_urdf/package.bash'
[0.398s] INFO:colcon.colcon_core.shell:Creating package script '/home/sedrica/Desktop/avi/stm_arm/install/final_arm_urdf/share/final_arm_urdf/package.zsh'
[0.398s] Level 1:colcon.colcon_core.environment:create_file_with_runtime_dependencies(/home/sedrica/Desktop/avi/stm_arm/install/final_arm_urdf/share/colcon-core/packages/final_arm_urdf)
[0.398s] INFO:colcon.colcon_ros.task.ament_cmake.build:Building ROS package in '/home/sedrica/Desktop/avi/stm_arm/src/stm' with build type 'ament_cmake'
[0.398s] INFO:colcon.colcon_cmake.task.cmake.build:Building CMake package in '/home/sedrica/Desktop/avi/stm_arm/src/stm'
[0.398s] INFO:colcon.colcon_core.shell:Skip shell extension 'powershell' for command environment: Not usable outside of PowerShell
[0.398s] DEBUG:colcon.colcon_core.shell:Skip shell extension 'dsv' for command environment
[0.402s] DEBUG:colcon.colcon_core.event_handler.log_command:Invoking command in '/home/sedrica/Desktop/avi/stm_arm/build/stm': CMAKE_PREFIX_PATH=/home/sedrica/Desktop/avi/stm_arm/install/final_arm_urdf:/home/sedrica/Desktop/avi/stm_arm/install/stm:/home/sedrica/Desktop/avi/stm_arm/install/starm:/opt/ros/humble /home/sedrica/cmake/bin/cmake --build /home/sedrica/Desktop/avi/stm_arm/build/stm -- -j32 -l32
[0.410s] DEBUG:colcon.colcon_core.event_handler.log_command:Invoked command in '/home/sedrica/Desktop/avi/stm_arm/build/stm' returned '0': CMAKE_PREFIX_PATH=/home/sedrica/Desktop/avi/stm_arm/install/final_arm_urdf:/home/sedrica/Desktop/avi/stm_arm/install/stm:/home/sedrica/Desktop/avi/stm_arm/install/starm:/opt/ros/humble /home/sedrica/cmake/bin/cmake --build /home/sedrica/Desktop/avi/stm_arm/build/stm -- -j32 -l32
[0.410s] DEBUG:colcon.colcon_core.event_handler.log_command:Invoking command in '/home/sedrica/Desktop/avi/stm_arm/build/stm': CMAKE_PREFIX_PATH=/home/sedrica/Desktop/avi/stm_arm/install/final_arm_urdf:/home/sedrica/Desktop/avi/stm_arm/install/stm:/home/sedrica/Desktop/avi/stm_arm/install/starm:/opt/ros/humble /home/sedrica/cmake/bin/cmake --install /home/sedrica/Desktop/avi/stm_arm/build/stm
[0.413s] Level 1:colcon.colcon_core.environment:create_environment_scripts_only(stm)
[0.413s] Level 1:colcon.colcon_core.environment:checking '/home/sedrica/Desktop/avi/stm_arm/install/stm' for CMake module files
[0.413s] DEBUG:colcon.colcon_core.event_handler.log_command:Invoked command in '/home/sedrica/Desktop/avi/stm_arm/build/stm' returned '0': CMAKE_PREFIX_PATH=/home/sedrica/Desktop/avi/stm_arm/install/final_arm_urdf:/home/sedrica/Desktop/avi/stm_arm/install/stm:/home/sedrica/Desktop/avi/stm_arm/install/starm:/opt/ros/humble /home/sedrica/cmake/bin/cmake --install /home/sedrica/Desktop/avi/stm_arm/build/stm
[0.413s] Level 1:colcon.colcon_core.environment:checking '/home/sedrica/Desktop/avi/stm_arm/install/stm' for CMake config files
[0.413s] Level 1:colcon.colcon_core.shell:create_environment_hook('stm', 'cmake_prefix_path')
[0.413s] INFO:colcon.colcon_core.shell:Creating environment hook '/home/sedrica/Desktop/avi/stm_arm/install/stm/share/stm/hook/cmake_prefix_path.ps1'
[0.414s] INFO:colcon.colcon_core.shell:Creating environment descriptor '/home/sedrica/Desktop/avi/stm_arm/install/stm/share/stm/hook/cmake_prefix_path.dsv'
[0.414s] INFO:colcon.colcon_core.shell:Creating environment hook '/home/sedrica/Desktop/avi/stm_arm/install/stm/share/stm/hook/cmake_prefix_path.sh'
[0.414s] Level 1:colcon.colcon_core.environment:checking '/home/sedrica/Desktop/avi/stm_arm/install/stm/bin'
[0.414s] Level 1:colcon.colcon_core.environment:checking '/home/sedrica/Desktop/avi/stm_arm/install/stm/lib/pkgconfig/stm.pc'
[0.414s] Level 1:colcon.colcon_core.environment:checking '/home/sedrica/Desktop/avi/stm_arm/install/stm/lib/python3.10/site-packages'
[0.414s] Level 1:colcon.colcon_core.environment:checking '/home/sedrica/Desktop/avi/stm_arm/install/stm/bin'
[0.414s] INFO:colcon.colcon_core.shell:Creating package script '/home/sedrica/Desktop/avi/stm_arm/install/stm/share/stm/package.ps1'
[0.415s] INFO:colcon.colcon_core.shell:Creating package descriptor '/home/sedrica/Desktop/avi/stm_arm/install/stm/share/stm/package.dsv'
[0.415s] INFO:colcon.colcon_core.shell:Creating package script '/home/sedrica/Desktop/avi/stm_arm/install/stm/share/stm/package.sh'
[0.415s] INFO:colcon.colcon_core.shell:Creating package script '/home/sedrica/Desktop/avi/stm_arm/install/stm/share/stm/package.bash'
[0.415s] INFO:colcon.colcon_core.shell:Creating package script '/home/sedrica/Desktop/avi/stm_arm/install/stm/share/stm/package.zsh'
[0.415s] Level 1:colcon.colcon_core.environment:create_file_with_runtime_dependencies(/home/sedrica/Desktop/avi/stm_arm/install/stm/share/colcon-core/packages/stm)
[0.415s] Level 1:colcon.colcon_core.environment:create_environment_scripts_only(stm)
[0.415s] Level 1:colcon.colcon_core.environment:checking '/home/sedrica/Desktop/avi/stm_arm/install/stm' for CMake module files
[0.416s] Level 1:colcon.colcon_core.environment:checking '/home/sedrica/Desktop/avi/stm_arm/install/stm' for CMake config files
[0.416s] Level 1:colcon.colcon_core.shell:create_environment_hook('stm', 'cmake_prefix_path')
[0.416s] INFO:colcon.colcon_core.shell:Creating environment hook '/home/sedrica/Desktop/avi/stm_arm/install/stm/share/stm/hook/cmake_prefix_path.ps1'
[0.416s] INFO:colcon.colcon_core.shell:Creating environment descriptor '/home/sedrica/Desktop/avi/stm_arm/install/stm/share/stm/hook/cmake_prefix_path.dsv'
[0.416s] INFO:colcon.colcon_core.shell:Creating environment hook '/home/sedrica/Desktop/avi/stm_arm/install/stm/share/stm/hook/cmake_prefix_path.sh'
[0.416s] Level 1:colcon.colcon_core.environment:checking '/home/sedrica/Desktop/avi/stm_arm/install/stm/bin'
[0.416s] Level 1:colcon.colcon_core.environment:checking '/home/sedrica/Desktop/avi/stm_arm/install/stm/lib/pkgconfig/stm.pc'
[0.416s] Level 1:colcon.colcon_core.environment:checking '/home/sedrica/Desktop/avi/stm_arm/install/stm/lib/python3.10/site-packages'
[0.416s] Level 1:colcon.colcon_core.environment:checking '/home/sedrica/Desktop/avi/stm_arm/install/stm/bin'
[0.416s] INFO:colcon.colcon_core.shell:Creating package script '/home/sedrica/Desktop/avi/stm_arm/install/stm/share/stm/package.ps1'
[0.417s] INFO:colcon.colcon_core.shell:Creating package descriptor '/home/sedrica/Desktop/avi/stm_arm/install/stm/share/stm/package.dsv'
[0.417s] INFO:colcon.colcon_core.shell:Creating package script '/home/sedrica/Desktop/avi/stm_arm/install/stm/share/stm/package.sh'
[0.417s] INFO:colcon.colcon_core.shell:Creating package script '/home/sedrica/Desktop/avi/stm_arm/install/stm/share/stm/package.bash'
[0.417s] INFO:colcon.colcon_core.shell:Creating package script '/home/sedrica/Desktop/avi/stm_arm/install/stm/share/stm/package.zsh'
[0.417s] Level 1:colcon.colcon_core.environment:create_file_with_runtime_dependencies(/home/sedrica/Desktop/avi/stm_arm/install/stm/share/colcon-core/packages/stm)
[0.671s] DEBUG:colcon.colcon_core.event_handler.log_command:Invoking command in '/home/sedrica/Desktop/avi/stm_arm/src/starm': PYTHONPATH=/home/sedrica/Desktop/avi/stm_arm/build/starm/prefix_override:/usr/lib/python3/dist-packages/colcon_core/task/python/colcon_distutils_commands:/home/sedrica/Desktop/avi/stm_arm/install/starm/lib/python3.10/site-packages:${PYTHONPATH} /usr/bin/python3 -W ignore:setup.py install is deprecated -W ignore:easy_install command is deprecated setup.py egg_info --egg-base ../../build/starm build --build-base /home/sedrica/Desktop/avi/stm_arm/build/starm/build install --record /home/sedrica/Desktop/avi/stm_arm/build/starm/install.log --single-version-externally-managed install_data
[0.944s] Level 1:colcon.colcon_core.environment:checking '/home/sedrica/Desktop/avi/stm_arm/install/starm' for CMake module files
[0.944s] DEBUG:colcon.colcon_core.event_handler.log_command:Invoked command in '/home/sedrica/Desktop/avi/stm_arm/src/starm' returned '0': PYTHONPATH=/home/sedrica/Desktop/avi/stm_arm/build/starm/prefix_override:/usr/lib/python3/dist-packages/colcon_core/task/python/colcon_distutils_commands:/home/sedrica/Desktop/avi/stm_arm/install/starm/lib/python3.10/site-packages:${PYTHONPATH} /usr/bin/python3 -W ignore:setup.py install is deprecated -W ignore:easy_install command is deprecated setup.py egg_info --egg-base ../../build/starm build --build-base /home/sedrica/Desktop/avi/stm_arm/build/starm/build install --record /home/sedrica/Desktop/avi/stm_arm/build/starm/install.log --single-version-externally-managed install_data
[0.944s] Level 1:colcon.colcon_core.environment:checking '/home/sedrica/Desktop/avi/stm_arm/install/starm' for CMake config files
[0.945s] Level 1:colcon.colcon_core.environment:checking '/home/sedrica/Desktop/avi/stm_arm/install/starm/lib'
[0.945s] Level 1:colcon.colcon_core.environment:checking '/home/sedrica/Desktop/avi/stm_arm/install/starm/bin'
[0.945s] Level 1:colcon.colcon_core.environment:checking '/home/sedrica/Desktop/avi/stm_arm/install/starm/lib/pkgconfig/starm.pc'
[0.945s] Level 1:colcon.colcon_core.environment:checking '/home/sedrica/Desktop/avi/stm_arm/install/starm/lib/python3.10/site-packages'
[0.945s] Level 1:colcon.colcon_core.shell:create_environment_hook('starm', 'pythonpath')
[0.945s] INFO:colcon.colcon_core.shell:Creating environment hook '/home/sedrica/Desktop/avi/stm_arm/install/starm/share/starm/hook/pythonpath.ps1'
[0.945s] INFO:colcon.colcon_core.shell:Creating environment descriptor '/home/sedrica/Desktop/avi/stm_arm/install/starm/share/starm/hook/pythonpath.dsv'
[0.945s] INFO:colcon.colcon_core.shell:Creating environment hook '/home/sedrica/Desktop/avi/stm_arm/install/starm/share/starm/hook/pythonpath.sh'
[0.946s] Level 1:colcon.colcon_core.environment:checking '/home/sedrica/Desktop/avi/stm_arm/install/starm/bin'
[0.946s] Level 1:colcon.colcon_core.environment:create_environment_scripts_only(starm)
[0.946s] INFO:colcon.colcon_core.shell:Creating package script '/home/sedrica/Desktop/avi/stm_arm/install/starm/share/starm/package.ps1'
[0.946s] INFO:colcon.colcon_core.shell:Creating package descriptor '/home/sedrica/Desktop/avi/stm_arm/install/starm/share/starm/package.dsv'
[0.946s] INFO:colcon.colcon_core.shell:Creating package script '/home/sedrica/Desktop/avi/stm_arm/install/starm/share/starm/package.sh'
[0.946s] INFO:colcon.colcon_core.shell:Creating package script '/home/sedrica/Desktop/avi/stm_arm/install/starm/share/starm/package.bash'
[0.946s] INFO:colcon.colcon_core.shell:Creating package script '/home/sedrica/Desktop/avi/stm_arm/install/starm/share/starm/package.zsh'
[0.947s] Level 1:colcon.colcon_core.environment:create_file_with_runtime_dependencies(/home/sedrica/Desktop/avi/stm_arm/install/starm/share/colcon-core/packages/starm)
[0.947s] DEBUG:colcon.colcon_parallel_executor.executor.parallel:closing loop
[0.947s] DEBUG:colcon.colcon_parallel_executor.executor.parallel:loop closed
[0.947s] DEBUG:colcon.colcon_parallel_executor.executor.parallel:run_until_complete finished with '0'
[0.947s] DEBUG:colcon.colcon_core.event_reactor:joining thread
[0.949s] INFO:colcon.colcon_core.plugin_system:Skipping extension 'colcon_notification.desktop_notification.terminal_notifier': Not used on non-Darwin systems
[0.949s] INFO:colcon.colcon_core.plugin_system:Skipping extension 'colcon_notification.desktop_notification.win32': Not used on non-Windows systems
[0.949s] INFO:colcon.colcon_notification.desktop_notification:Sending desktop notification using 'notify2'
[0.955s] DEBUG:colcon.colcon_core.event_reactor:joined thread
[0.955s] INFO:colcon.colcon_core.shell:Creating prefix script '/home/sedrica/Desktop/avi/stm_arm/install/local_setup.ps1'
[0.955s] INFO:colcon.colcon_core.shell:Creating prefix util module '/home/sedrica/Desktop/avi/stm_arm/install/_local_setup_util_ps1.py'
[0.956s] INFO:colcon.colcon_core.shell:Creating prefix chain script '/home/sedrica/Desktop/avi/stm_arm/install/setup.ps1'
[0.956s] INFO:colcon.colcon_core.shell:Creating prefix script '/home/sedrica/Desktop/avi/stm_arm/install/local_setup.sh'
[0.956s] INFO:colcon.colcon_core.shell:Creating prefix util module '/home/sedrica/Desktop/avi/stm_arm/install/_local_setup_util_sh.py'
[0.956s] INFO:colcon.colcon_core.shell:Creating prefix chain script '/home/sedrica/Desktop/avi/stm_arm/install/setup.sh'
[0.957s] INFO:colcon.colcon_core.shell:Creating prefix script '/home/sedrica/Desktop/avi/stm_arm/install/local_setup.bash'
[0.957s] INFO:colcon.colcon_core.shell:Creating prefix chain script '/home/sedrica/Desktop/avi/stm_arm/install/setup.bash'
[0.957s] INFO:colcon.colcon_core.shell:Creating prefix script '/home/sedrica/Desktop/avi/stm_arm/install/local_setup.zsh'
[0.958s] INFO:colcon.colcon_core.shell:Creating prefix chain script '/home/sedrica/Desktop/avi/stm_arm/install/setup.zsh'
