[0.015s] Invoking command in '/home/sedrica/Desktop/avi/stm_arm/build/final_arm_urdf': CMAKE_PREFIX_PATH=${CMAKE_PREFIX_PATH}:/home/sedrica/Desktop/avi/stm_arm/install/starm:/opt/ros/humble /home/sedrica/cmake/bin/cmake /home/sedrica/Desktop/avi/stm_arm/src/final_arm_urdf -DCMAKE_INSTALL_PREFIX=/home/sedrica/Desktop/avi/stm_arm/install/final_arm_urdf
[0.021s] [0mCMake Deprecation Warning at CMakeLists.txt:1 (cmake_minimum_required):
[0.021s]   Compatibility with CMake < 3.10 will be removed from a future version of
[0.021s]   CMake.
[0.021s] 
[0.021s]   Update the VERSION argument <min> value.  Or, use the <min>...<max> syntax
[0.021s]   to tell CMake that the project requires at least <min> but has been updated
[0.021s]   to work with policies introduced by <max> or earlier.
[0.021s] 
[0.021s] [0m
[0.077s] -- The C compiler identification is GNU 11.4.0
[0.144s] -- The CXX compiler identification is GNU 11.4.0
[0.150s] -- Detecting C compiler ABI info
[0.183s] -- Detecting C compiler ABI info - done
[0.193s] -- Check for working C compiler: /usr/bin/cc - skipped
[0.194s] -- Detecting C compile features
[0.194s] -- Detecting C compile features - done
[0.202s] -- Detecting CXX compiler ABI info
[0.239s] -- Detecting CXX compiler ABI info - done
[0.248s] -- Check for working CXX compiler: /usr/bin/c++ - skipped
[0.248s] -- Detecting CXX compile features
[0.249s] -- Detecting CXX compile features - done
[0.262s] -- Found ament_cmake: 1.3.12 (/opt/ros/humble/share/ament_cmake/cmake)
[0.342s] -- Found Python3: /usr/bin/python3 (found version "3.10.12") found components: Interpreter
[0.442s] -- Configuring done (0.4s)
[0.443s] -- Generating done (0.0s)
[0.444s] -- Build files have been written to: /home/sedrica/Desktop/avi/stm_arm/build/final_arm_urdf
[0.446s] Invoked command in '/home/sedrica/Desktop/avi/stm_arm/build/final_arm_urdf' returned '0': CMAKE_PREFIX_PATH=${CMAKE_PREFIX_PATH}:/home/sedrica/Desktop/avi/stm_arm/install/starm:/opt/ros/humble /home/sedrica/cmake/bin/cmake /home/sedrica/Desktop/avi/stm_arm/src/final_arm_urdf -DCMAKE_INSTALL_PREFIX=/home/sedrica/Desktop/avi/stm_arm/install/final_arm_urdf
[0.447s] Invoking command in '/home/sedrica/Desktop/avi/stm_arm/build/final_arm_urdf': CMAKE_PREFIX_PATH=${CMAKE_PREFIX_PATH}:/home/sedrica/Desktop/avi/stm_arm/install/starm:/opt/ros/humble /home/sedrica/cmake/bin/cmake --build /home/sedrica/Desktop/avi/stm_arm/build/final_arm_urdf -- -j32 -l32
[0.456s] Invoked command in '/home/sedrica/Desktop/avi/stm_arm/build/final_arm_urdf' returned '0': CMAKE_PREFIX_PATH=${CMAKE_PREFIX_PATH}:/home/sedrica/Desktop/avi/stm_arm/install/starm:/opt/ros/humble /home/sedrica/cmake/bin/cmake --build /home/sedrica/Desktop/avi/stm_arm/build/final_arm_urdf -- -j32 -l32
[0.458s] Invoking command in '/home/sedrica/Desktop/avi/stm_arm/build/final_arm_urdf': CMAKE_PREFIX_PATH=${CMAKE_PREFIX_PATH}:/home/sedrica/Desktop/avi/stm_arm/install/starm:/opt/ros/humble /home/sedrica/cmake/bin/cmake --install /home/sedrica/Desktop/avi/stm_arm/build/final_arm_urdf
[0.460s] -- Install configuration: ""
[0.460s] -- Installing: /home/sedrica/Desktop/avi/stm_arm/install/final_arm_urdf/share/final_arm_urdf/urdf
[0.460s] -- Installing: /home/sedrica/Desktop/avi/stm_arm/install/final_arm_urdf/share/final_arm_urdf/urdf/final_arm_urdf.xacro
[0.460s] -- Installing: /home/sedrica/Desktop/avi/stm_arm/install/final_arm_urdf/share/final_arm_urdf/meshes
[0.460s] -- Installing: /home/sedrica/Desktop/avi/stm_arm/install/final_arm_urdf/share/final_arm_urdf/meshes/collision
[0.460s] -- Installing: /home/sedrica/Desktop/avi/stm_arm/install/final_arm_urdf/share/final_arm_urdf/meshes/collision/link3.STL
[0.461s] -- Installing: /home/sedrica/Desktop/avi/stm_arm/install/final_arm_urdf/share/final_arm_urdf/meshes/collision/link4.STL
[0.461s] -- Installing: /home/sedrica/Desktop/avi/stm_arm/install/final_arm_urdf/share/final_arm_urdf/meshes/collision/link2.STL
[0.462s] -- Installing: /home/sedrica/Desktop/avi/stm_arm/install/final_arm_urdf/share/final_arm_urdf/meshes/collision/link1.STL
[0.463s] -- Installing: /home/sedrica/Desktop/avi/stm_arm/install/final_arm_urdf/share/final_arm_urdf/meshes/collision/link5.STL
[0.463s] -- Installing: /home/sedrica/Desktop/avi/stm_arm/install/final_arm_urdf/share/final_arm_urdf/meshes/collision/base_link.STL
[0.463s] -- Installing: /home/sedrica/Desktop/avi/stm_arm/install/final_arm_urdf/share/final_arm_urdf/meshes/visual
[0.463s] -- Installing: /home/sedrica/Desktop/avi/stm_arm/install/final_arm_urdf/share/final_arm_urdf/meshes/visual/link3.STL
[0.464s] -- Installing: /home/sedrica/Desktop/avi/stm_arm/install/final_arm_urdf/share/final_arm_urdf/meshes/visual/link4.STL
[0.465s] -- Installing: /home/sedrica/Desktop/avi/stm_arm/install/final_arm_urdf/share/final_arm_urdf/meshes/visual/link2.STL
[0.465s] -- Installing: /home/sedrica/Desktop/avi/stm_arm/install/final_arm_urdf/share/final_arm_urdf/meshes/visual/link1.STL
[0.466s] -- Installing: /home/sedrica/Desktop/avi/stm_arm/install/final_arm_urdf/share/final_arm_urdf/meshes/visual/link5.STL
[0.466s] -- Installing: /home/sedrica/Desktop/avi/stm_arm/install/final_arm_urdf/share/final_arm_urdf/meshes/visual/base_link.STL
[0.466s] -- Installing: /home/sedrica/Desktop/avi/stm_arm/install/final_arm_urdf/share/final_arm_urdf/launch
[0.466s] -- Installing: /home/sedrica/Desktop/avi/stm_arm/install/final_arm_urdf/share/final_arm_urdf/rviz
[0.466s] -- Installing: /home/sedrica/Desktop/avi/stm_arm/install/final_arm_urdf/share/ament_index/resource_index/package_run_dependencies/final_arm_urdf
[0.467s] -- Installing: /home/sedrica/Desktop/avi/stm_arm/install/final_arm_urdf/share/ament_index/resource_index/parent_prefix_path/final_arm_urdf
[0.467s] -- Installing: /home/sedrica/Desktop/avi/stm_arm/install/final_arm_urdf/share/final_arm_urdf/environment/ament_prefix_path.sh
[0.467s] -- Installing: /home/sedrica/Desktop/avi/stm_arm/install/final_arm_urdf/share/final_arm_urdf/environment/ament_prefix_path.dsv
[0.467s] -- Installing: /home/sedrica/Desktop/avi/stm_arm/install/final_arm_urdf/share/final_arm_urdf/environment/path.sh
[0.467s] -- Installing: /home/sedrica/Desktop/avi/stm_arm/install/final_arm_urdf/share/final_arm_urdf/environment/path.dsv
[0.467s] -- Installing: /home/sedrica/Desktop/avi/stm_arm/install/final_arm_urdf/share/final_arm_urdf/local_setup.bash
[0.467s] -- Installing: /home/sedrica/Desktop/avi/stm_arm/install/final_arm_urdf/share/final_arm_urdf/local_setup.sh
[0.467s] -- Installing: /home/sedrica/Desktop/avi/stm_arm/install/final_arm_urdf/share/final_arm_urdf/local_setup.zsh
[0.467s] -- Installing: /home/sedrica/Desktop/avi/stm_arm/install/final_arm_urdf/share/final_arm_urdf/local_setup.dsv
[0.467s] -- Installing: /home/sedrica/Desktop/avi/stm_arm/install/final_arm_urdf/share/final_arm_urdf/package.dsv
[0.467s] -- Installing: /home/sedrica/Desktop/avi/stm_arm/install/final_arm_urdf/share/ament_index/resource_index/packages/final_arm_urdf
[0.467s] -- Installing: /home/sedrica/Desktop/avi/stm_arm/install/final_arm_urdf/share/final_arm_urdf/cmake/final_arm_urdfConfig.cmake
[0.467s] -- Installing: /home/sedrica/Desktop/avi/stm_arm/install/final_arm_urdf/share/final_arm_urdf/cmake/final_arm_urdfConfig-version.cmake
[0.468s] -- Installing: /home/sedrica/Desktop/avi/stm_arm/install/final_arm_urdf/share/final_arm_urdf/package.xml
[0.468s] Invoked command in '/home/sedrica/Desktop/avi/stm_arm/build/final_arm_urdf' returned '0': CMAKE_PREFIX_PATH=${CMAKE_PREFIX_PATH}:/home/sedrica/Desktop/avi/stm_arm/install/starm:/opt/ros/humble /home/sedrica/cmake/bin/cmake --install /home/sedrica/Desktop/avi/stm_arm/build/final_arm_urdf
